Archive member included to satisfy reference by file (symbol)

c:/program files (x86)/atollic/truestudio for arm 6.0.0/armtools/bin/../lib/gcc/arm-atollic-eabi/5.3.1/../../../../arm-atollic-eabi/lib/armv7e-m/fpu\libc.a(lib_a-init.o)
                              Drivers\CMSIS\Device\ST\STM32F4xx\Source\Templates\gcc\startup_stm32f401xe.o (__libc_init_array)
c:/program files (x86)/atollic/truestudio for arm 6.0.0/armtools/bin/../lib/gcc/arm-atollic-eabi/5.3.1/../../../../arm-atollic-eabi/lib/armv7e-m/fpu\libc.a(lib_a-memcpy-stub.o)
                              Middlewares\Third_Party\FreeRTOS\Source\queue.o (memcpy)
c:/program files (x86)/atollic/truestudio for arm 6.0.0/armtools/bin/../lib/gcc/arm-atollic-eabi/5.3.1/../../../../arm-atollic-eabi/lib/armv7e-m/fpu\libc.a(lib_a-memset.o)
                              Middlewares\Third_Party\FreeRTOS\Source\tasks.o (memset)

Allocating common symbols
Common symbol       size              file

HD44780_Cursor_Blink
                    0x2               Src\HD44780.o
taskClkHourHandle   0x4               Src\freertos.o
LCD_DB6             0x4               Src\HD44780.o
taskClkTickHandle   0x4               Src\freertos.o
LCD_DB3             0x4               Src\HD44780.o
LCD_E               0x4               Src\HD44780.o
HD44780_Bus_Width   0x2               Src\HD44780.o
mutexClkTimeHandle  0x4               Src\freertos.o
htim4               0x3c              Src\tim.o
selectedTask        0x4               Src\main.o
LCD_DB1             0x4               Src\HD44780.o
HD44780_Font_Size   0x2               Src\HD44780.o
HD44780_Display_Lines
                    0x2               Src\HD44780.o
mutexStateHandle    0x4               Src\freertos.o
RCC_AHB1Periph_GPIOx
                    0x4               Src\HD44780.o
mutexCtrTimeHandle  0x4               Src\freertos.o
uwTick              0x4               Drivers\STM32F4xx_HAL_Driver\Src\stm32f4xx_hal.o
xQueueRegistry      0x40              Middlewares\Third_Party\FreeRTOS\Source\queue.o
appear_time         0xd               Src\freertos.o
LCD_DB7             0x4               Src\HD44780.o
pFlash              0x20              Drivers\STM32F4xx_HAL_Driver\Src\stm32f4xx_hal_flash.o
taskToggleHandle    0x4               Src\freertos.o
taskCtrResetHandle  0x4               Src\freertos.o
mutexButtonPressedHandle
                    0x4               Src\freertos.o
htim5               0x3c              Src\tim.o
mutexCtrPlayHandle  0x4               Src\freertos.o
htim3               0x3c              Src\tim.o
HD44780_Display_On_Off
                    0x2               Src\HD44780.o
taskClkMinHandle    0x4               Src\freertos.o
taskUpdateLCDHandle
                    0x4               Src\freertos.o
taskCtrStartHandle  0x4               Src\freertos.o
LCD_RS              0x4               Src\HD44780.o
BottomOfQueue       0x2               Src\HD44780.o
HD44780_Entry_Inc_Dec
                    0x2               Src\HD44780.o
taskDefaultHandle   0x4               Src\freertos.o
GPIO_InitStruct     0x14              Src\HD44780.o
htim1               0x3c              Src\stm32f4xx_hal_timebase_TIM.o
HD44780_Cursor_On_Off
                    0x2               Src\HD44780.o
LCD_DB2             0x4               Src\HD44780.o
taskUpdateMsgHandle
                    0x4               Src\freertos.o
LCD_RW              0x4               Src\HD44780.o
mutexCtrGoHandle    0x4               Src\freertos.o
HD44780_Display_Shift
                    0x2               Src\HD44780.o
LCD_Data            0x2               Src\HD44780.o
taskCtrTickHandle   0x4               Src\freertos.o
htim2               0x3c              Src\tim.o
TopOfQueue          0x2               Src\HD44780.o
LCD_DB5             0x4               Src\HD44780.o
mutexCtrAppearTimeHandle
                    0x4               Src\freertos.o
Task_Queue          0x4b0             Src\HD44780.o
LCD_DB0             0x4               Src\HD44780.o
taskCtrPauseHandle  0x4               Src\freertos.o
LCD_DB4             0x4               Src\HD44780.o
LCD_Port            0x4               Src\HD44780.o
taskClkSecHandle    0x4               Src\freertos.o

Discarded input sections

 .text          0x00000000        0x0 c:/program files (x86)/atollic/truestudio for arm 6.0.0/armtools/bin/../lib/gcc/arm-atollic-eabi/5.3.1/armv7e-m/fpu/crti.o
 .data          0x00000000        0x0 c:/program files (x86)/atollic/truestudio for arm 6.0.0/armtools/bin/../lib/gcc/arm-atollic-eabi/5.3.1/armv7e-m/fpu/crti.o
 .bss           0x00000000        0x0 c:/program files (x86)/atollic/truestudio for arm 6.0.0/armtools/bin/../lib/gcc/arm-atollic-eabi/5.3.1/armv7e-m/fpu/crti.o
 .data          0x00000000        0x4 c:/program files (x86)/atollic/truestudio for arm 6.0.0/armtools/bin/../lib/gcc/arm-atollic-eabi/5.3.1/armv7e-m/fpu/crtbegin.o
[...]
Memory Configuration

Name             Origin             Length             Attributes
RAM              0x20000000         0x00018000         xrw
FLASH            0x08000000         0x00080000         xr
*default*        0x00000000         0xffffffff

Linker script and memory map

LOAD c:/program files (x86)/atollic/truestudio for arm 6.0.0/armtools/bin/../lib/gcc/arm-atollic-eabi/5.3.1/armv7e-m/fpu/crti.o
LOAD c:/program files (x86)/atollic/truestudio for arm 6.0.0/armtools/bin/../lib/gcc/arm-atollic-eabi/5.3.1/armv7e-m/fpu/crtbegin.o
LOAD Drivers\CMSIS\Device\ST\STM32F4xx\Source\Templates\gcc\startup_stm32f401xe.o
LOAD Drivers\CMSIS\Device\ST\STM32F4xx\Source\Templates\system_stm32f4xx.o
LOAD Drivers\STM32F4xx_HAL_Driver\Src\stm32f4xx_hal.o
LOAD Drivers\STM32F4xx_HAL_Driver\Src\stm32f4xx_hal_cortex.o
LOAD Drivers\STM32F4xx_HAL_Driver\Src\stm32f4xx_hal_dma.o
LOAD Drivers\STM32F4xx_HAL_Driver\Src\stm32f4xx_hal_dma_ex.o
LOAD Drivers\STM32F4xx_HAL_Driver\Src\stm32f4xx_hal_flash.o
LOAD Drivers\STM32F4xx_HAL_Driver\Src\stm32f4xx_hal_flash_ex.o
LOAD Drivers\STM32F4xx_HAL_Driver\Src\stm32f4xx_hal_flash_ramfunc.o
LOAD Drivers\STM32F4xx_HAL_Driver\Src\stm32f4xx_hal_gpio.o
LOAD Drivers\STM32F4xx_HAL_Driver\Src\stm32f4xx_hal_pwr.o
LOAD Drivers\STM32F4xx_HAL_Driver\Src\stm32f4xx_hal_pwr_ex.o
LOAD Drivers\STM32F4xx_HAL_Driver\Src\stm32f4xx_hal_rcc.o
LOAD Drivers\STM32F4xx_HAL_Driver\Src\stm32f4xx_hal_rcc_ex.o
LOAD Drivers\STM32F4xx_HAL_Driver\Src\stm32f4xx_hal_tim.o
LOAD Drivers\STM32F4xx_HAL_Driver\Src\stm32f4xx_hal_tim_ex.o
LOAD Middlewares\Third_Party\FreeRTOS\Source\CMSIS_RTOS\cmsis_os.o
LOAD Middlewares\Third_Party\FreeRTOS\Source\croutine.o
LOAD Middlewares\Third_Party\FreeRTOS\Source\event_groups.o
LOAD Middlewares\Third_Party\FreeRTOS\Source\list.o
LOAD Middlewares\Third_Party\FreeRTOS\Source\portable\GCC\ARM_CM4F\port.o
LOAD Middlewares\Third_Party\FreeRTOS\Source\portable\MemMang\heap_4.o
LOAD Middlewares\Third_Party\FreeRTOS\Source\queue.o
LOAD Middlewares\Third_Party\FreeRTOS\Source\tasks.o
LOAD Middlewares\Third_Party\FreeRTOS\Source\timers.o
LOAD Src\HD44780.o
LOAD Src\freertos.o
LOAD Src\gpio.o
LOAD Src\main.o
LOAD Src\stm32f4xx_hal_msp.o
LOAD Src\stm32f4xx_hal_timebase_TIM.o
LOAD Src\stm32f4xx_it.o
LOAD Src\tim.o
START GROUP
LOAD c:/program files (x86)/atollic/truestudio for arm 6.0.0/armtools/bin/../lib/gcc/arm-atollic-eabi/5.3.1/../../../../arm-atollic-eabi/lib/armv7e-m/fpu\libc.a
LOAD c:/program files (x86)/atollic/truestudio for arm 6.0.0/armtools/bin/../lib/gcc/arm-atollic-eabi/5.3.1/../../../../arm-atollic-eabi/lib/armv7e-m/fpu\libm.a
END GROUP
                0x00000080                malloc_getpagesize_P = 0x80
START GROUP
LOAD c:/program files (x86)/atollic/truestudio for arm 6.0.0/armtools/bin/../lib/gcc/arm-atollic-eabi/5.3.1/armv7e-m/fpu\libgcc.a
LOAD c:/program files (x86)/atollic/truestudio for arm 6.0.0/armtools/bin/../lib/gcc/arm-atollic-eabi/5.3.1/../../../../arm-atollic-eabi/lib/armv7e-m/fpu\libc.a
END GROUP
START GROUP
LOAD c:/program files (x86)/atollic/truestudio for arm 6.0.0/armtools/bin/../lib/gcc/arm-atollic-eabi/5.3.1/armv7e-m/fpu\libgcc.a
LOAD c:/program files (x86)/atollic/truestudio for arm 6.0.0/armtools/bin/../lib/gcc/arm-atollic-eabi/5.3.1/../../../../arm-atollic-eabi/lib/armv7e-m/fpu\libc.a
LOAD c:/program files (x86)/atollic/truestudio for arm 6.0.0/armtools/bin/../lib/gcc/arm-atollic-eabi/5.3.1/../../../../arm-atollic-eabi/lib/armv7e-m/fpu\libnosys.a
END GROUP
LOAD c:/program files (x86)/atollic/truestudio for arm 6.0.0/armtools/bin/../lib/gcc/arm-atollic-eabi/5.3.1/armv7e-m/fpu/crtend.o
LOAD c:/program files (x86)/atollic/truestudio for arm 6.0.0/armtools/bin/../lib/gcc/arm-atollic-eabi/5.3.1/armv7e-m/fpu/crtn.o
                0x20018000                _estack = 0x20018000
                0x00000200                _Min_Heap_Size = 0x200
                0x00000400                _Min_Stack_Size = 0x400

.isr_vector     0x08000000      0x194
                0x08000000                . = ALIGN (0x4)
 *(.isr_vector)
 .isr_vector    0x08000000      0x194 Drivers\CMSIS\Device\ST\STM32F4xx\Source\Templates\gcc\startup_stm32f401xe.o
                0x08000000                g_pfnVectors
                0x08000194                . = ALIGN (0x4)

.text           0x08000194     0x4200
                0x08000194                . = ALIGN (0x4)
 *(.text)
 .text          0x08000194       0x40 c:/program files (x86)/atollic/truestudio for arm 6.0.0/armtools/bin/../lib/gcc/arm-atollic-eabi/5.3.1/armv7e-m/fpu/crtbegin.o
 *(.text*)
 .text.Reset_Handler
                0x080001d4       0x50 Drivers\CMSIS\Device\ST\STM32F4xx\Source\Templates\gcc\startup_stm32f401xe.o
                0x080001d4                Reset_Handler
 .text.Default_Handler
                0x08000224        0x2 Drivers\CMSIS\Device\ST\STM32F4xx\Source\Templates\gcc\startup_stm32f401xe.o
                0x08000224                RTC_Alarm_IRQHandler
                0x08000224                DebugMon_Handler
                0x08000224                SPI4_IRQHandler
                0x08000224                TIM1_CC_IRQHandler
                0x08000224                DMA2_Stream5_IRQHandler
                0x08000224                HardFault_Handler
                0x08000224                DMA1_Stream5_IRQHandler
                0x08000224                PVD_IRQHandler
                0x08000224                SDIO_IRQHandler
                0x08000224                TAMP_STAMP_IRQHandler
                0x08000224                NMI_Handler
                0x08000224                EXTI3_IRQHandler
                0x08000224                I2C3_ER_IRQHandler
                0x08000224                I2C2_EV_IRQHandler
                0x08000224                DMA1_Stream2_IRQHandler
                0x08000224                FPU_IRQHandler
                0x08000224                UsageFault_Handler
                0x08000224                DMA2_Stream2_IRQHandler
                0x08000224                SPI1_IRQHandler
                0x08000224                TIM1_BRK_TIM9_IRQHandler
                0x08000224                DMA2_Stream3_IRQHandler
                0x08000224                USART6_IRQHandler
                0x08000224                DMA2_Stream0_IRQHandler
                0x08000224                I2C1_EV_IRQHandler
                0x08000224                DMA1_Stream6_IRQHandler
                0x08000224                DMA1_Stream1_IRQHandler
                0x08000224                RCC_IRQHandler
                0x08000224                Default_Handler
                0x08000224                ADC_IRQHandler
                0x08000224                DMA1_Stream7_IRQHandler
                0x08000224                DMA2_Stream7_IRQHandler
                0x08000224                I2C3_EV_IRQHandler
                0x08000224                RTC_WKUP_IRQHandler
                0x08000224                SPI2_IRQHandler
                0x08000224                MemManage_Handler
                0x08000224                DMA1_Stream0_IRQHandler
                0x08000224                WWDG_IRQHandler
                0x08000224                OTG_FS_WKUP_IRQHandler
                0x08000224                TIM1_TRG_COM_TIM11_IRQHandler
                0x08000224                USART2_IRQHandler
                0x08000224                I2C2_ER_IRQHandler
                0x08000224                DMA2_Stream1_IRQHandler
                0x08000224                FLASH_IRQHandler
                0x08000224                DMA2_Stream4_IRQHandler
                0x08000224                BusFault_Handler
                0x08000224                USART1_IRQHandler
                0x08000224                OTG_FS_IRQHandler
                0x08000224                SPI3_IRQHandler
                0x08000224                DMA1_Stream4_IRQHandler
                0x08000224                I2C1_ER_IRQHandler
                0x08000224                DMA2_Stream6_IRQHandler
                0x08000224                DMA1_Stream3_IRQHandler
 *fill*         0x08000226        0x2 
 .text.SystemInit
                0x08000228       0x4c Drivers\CMSIS\Device\ST\STM32F4xx\Source\Templates\system_stm32f4xx.o
                0x08000228                SystemInit
 .text.HAL_Init
                0x08000274       0x34 Drivers\STM32F4xx_HAL_Driver\Src\stm32f4xx_hal.o
                0x08000274                HAL_Init
 .text.HAL_IncTick
                0x080002a8       0x10 Drivers\STM32F4xx_HAL_Driver\Src\stm32f4xx_hal.o
                0x080002a8                HAL_IncTick
 .text.HAL_GetTick
                0x080002b8        0xc Drivers\STM32F4xx_HAL_Driver\Src\stm32f4xx_hal.o
                0x080002b8                HAL_GetTick
 .text.HAL_Delay
                0x080002c4       0x1a Drivers\STM32F4xx_HAL_Driver\Src\stm32f4xx_hal.o
                0x080002c4                HAL_Delay
 *fill*         0x080002de        0x2 
 .text.HAL_NVIC_SetPriorityGrouping
                0x080002e0       0x24 Drivers\STM32F4xx_HAL_Driver\Src\stm32f4xx_hal_cortex.o
                0x080002e0                HAL_NVIC_SetPriorityGrouping
 .text.HAL_NVIC_SetPriority
                0x08000304       0x68 Drivers\STM32F4xx_HAL_Driver\Src\stm32f4xx_hal_cortex.o
                0x08000304                HAL_NVIC_SetPriority
 .text.HAL_NVIC_EnableIRQ
                0x0800036c       0x18 Drivers\STM32F4xx_HAL_Driver\Src\stm32f4xx_hal_cortex.o
                0x0800036c                HAL_NVIC_EnableIRQ
 .text.HAL_SYSTICK_Config
                0x08000384       0x2c Drivers\STM32F4xx_HAL_Driver\Src\stm32f4xx_hal_cortex.o
                0x08000384                HAL_SYSTICK_Config
 .text.HAL_SYSTICK_CLKSourceConfig
                0x080003b0       0x18 Drivers\STM32F4xx_HAL_Driver\Src\stm32f4xx_hal_cortex.o
                0x080003b0                HAL_SYSTICK_CLKSourceConfig
 .text.HAL_GPIO_Init
                0x080003c8      0x19c Drivers\STM32F4xx_HAL_Driver\Src\stm32f4xx_hal_gpio.o
                0x080003c8                HAL_GPIO_Init
 .text.HAL_GPIO_ReadPin
                0x08000564        0xc Drivers\STM32F4xx_HAL_Driver\Src\stm32f4xx_hal_gpio.o
                0x08000564                HAL_GPIO_ReadPin
 .text.HAL_GPIO_WritePin
                0x08000570        0x8 Drivers\STM32F4xx_HAL_Driver\Src\stm32f4xx_hal_gpio.o
                0x08000570                HAL_GPIO_WritePin
 .text.HAL_GPIO_TogglePin
                0x08000578        0x8 Drivers\STM32F4xx_HAL_Driver\Src\stm32f4xx_hal_gpio.o
                0x08000578                HAL_GPIO_TogglePin
 .text.HAL_GPIO_EXTI_IRQHandler
                0x08000580       0x18 Drivers\STM32F4xx_HAL_Driver\Src\stm32f4xx_hal_gpio.o
                0x08000580                HAL_GPIO_EXTI_IRQHandler
 .text.HAL_RCC_OscConfig
                0x08000598      0x2d0 Drivers\STM32F4xx_HAL_Driver\Src\stm32f4xx_hal_rcc.o
                0x08000598                HAL_RCC_OscConfig
 .text.HAL_RCC_GetSysClockFreq
                0x08000868       0x7c Drivers\STM32F4xx_HAL_Driver\Src\stm32f4xx_hal_rcc.o
                0x08000868                HAL_RCC_GetSysClockFreq
 .text.HAL_RCC_ClockConfig
                0x080008e4      0x168 Drivers\STM32F4xx_HAL_Driver\Src\stm32f4xx_hal_rcc.o
                0x080008e4                HAL_RCC_ClockConfig
 .text.HAL_RCC_GetHCLKFreq
                0x08000a4c        0xc Drivers\STM32F4xx_HAL_Driver\Src\stm32f4xx_hal_rcc.o
                0x08000a4c                HAL_RCC_GetHCLKFreq
 .text.HAL_RCC_GetPCLK2Freq
                0x08000a58       0x30 Drivers\STM32F4xx_HAL_Driver\Src\stm32f4xx_hal_rcc.o
                0x08000a58                HAL_RCC_GetPCLK2Freq
 .text.HAL_RCC_GetClockConfig
                0x08000a88       0x3c Drivers\STM32F4xx_HAL_Driver\Src\stm32f4xx_hal_rcc.o
                0x08000a88                HAL_RCC_GetClockConfig
 .text.HAL_TIM_Base_Start_IT
                0x08000ac4       0x16 Drivers\STM32F4xx_HAL_Driver\Src\stm32f4xx_hal_tim.o
                0x08000ac4                HAL_TIM_Base_Start_IT
 .text.HAL_TIM_ConfigClockSource
                0x08000ada      0x174 Drivers\STM32F4xx_HAL_Driver\Src\stm32f4xx_hal_tim.o
                0x08000ada                HAL_TIM_ConfigClockSource
 .text.HAL_TIM_OC_DelayElapsedCallback
                0x08000c4e        0x2 Drivers\STM32F4xx_HAL_Driver\Src\stm32f4xx_hal_tim.o
                0x08000c4e                HAL_TIM_OC_DelayElapsedCallback
 .text.HAL_TIM_IC_CaptureCallback
                0x08000c50        0x2 Drivers\STM32F4xx_HAL_Driver\Src\stm32f4xx_hal_tim.o
                0x08000c50                HAL_TIM_IC_CaptureCallback
 .text.HAL_TIM_PWM_PulseFinishedCallback
                0x08000c52        0x2 Drivers\STM32F4xx_HAL_Driver\Src\stm32f4xx_hal_tim.o
                0x08000c52                HAL_TIM_PWM_PulseFinishedCallback
 .text.HAL_TIM_TriggerCallback
                0x08000c54        0x2 Drivers\STM32F4xx_HAL_Driver\Src\stm32f4xx_hal_tim.o
                0x08000c54                HAL_TIM_TriggerCallback
 .text.HAL_TIM_IRQHandler
                0x08000c56      0x144 Drivers\STM32F4xx_HAL_Driver\Src\stm32f4xx_hal_tim.o
                0x08000c56                HAL_TIM_IRQHandler
 *fill*         0x08000d9a        0x2 
 .text.TIM_Base_SetConfig
                0x08000d9c       0x98 Drivers\STM32F4xx_HAL_Driver\Src\stm32f4xx_hal_tim.o
                0x08000d9c                TIM_Base_SetConfig
 .text.HAL_TIM_Base_Init
                0x08000e34       0x34 Drivers\STM32F4xx_HAL_Driver\Src\stm32f4xx_hal_tim.o
                0x08000e34                HAL_TIM_Base_Init
 .text.HAL_TIMEx_MasterConfigSynchronization
                0x08000e68       0x44 Drivers\STM32F4xx_HAL_Driver\Src\stm32f4xx_hal_tim_ex.o
                0x08000e68                HAL_TIMEx_MasterConfigSynchronization
 .text.HAL_TIMEx_CommutationCallback
                0x08000eac        0x2 Drivers\STM32F4xx_HAL_Driver\Src\stm32f4xx_hal_tim_ex.o
                0x08000eac                HAL_TIMEx_CommutationCallback
 .text.HAL_TIMEx_BreakCallback
                0x08000eae        0x2 Drivers\STM32F4xx_HAL_Driver\Src\stm32f4xx_hal_tim_ex.o
                0x08000eae                HAL_TIMEx_BreakCallback
 .text.osKernelStart
                0x08000eb0        0xa Middlewares\Third_Party\FreeRTOS\Source\CMSIS_RTOS\cmsis_os.o
                0x08000eb0                osKernelStart
 .text.osThreadCreate
                0x08000eba       0x38 Middlewares\Third_Party\FreeRTOS\Source\CMSIS_RTOS\cmsis_os.o
                0x08000eba                osThreadCreate
 .text.osDelay  0x08000ef2       0x10 Middlewares\Third_Party\FreeRTOS\Source\CMSIS_RTOS\cmsis_os.o
                0x08000ef2                osDelay
 *fill*         0x08000f02        0x2 
 .text.osSignalSet
                0x08000f04       0x4c Middlewares\Third_Party\FreeRTOS\Source\CMSIS_RTOS\cmsis_os.o
                0x08000f04                osSignalSet
 .text.osSignalWait
                0x08000f50       0x48 Middlewares\Third_Party\FreeRTOS\Source\CMSIS_RTOS\cmsis_os.o
                0x08000f50                osSignalWait
 .text.osMutexCreate
                0x08000f98        0x6 Middlewares\Third_Party\FreeRTOS\Source\CMSIS_RTOS\cmsis_os.o
                0x08000f98                osMutexCreate
 *fill*         0x08000f9e        0x2 
 .text.osMutexWait
                0x08000fa0       0x50 Middlewares\Third_Party\FreeRTOS\Source\CMSIS_RTOS\cmsis_os.o
                0x08000fa0                osMutexWait
 .text.osSemaphoreRelease
                0x08000ff0       0x48 Middlewares\Third_Party\FreeRTOS\Source\CMSIS_RTOS\cmsis_os.o
                0x08000ff0                osSemaphoreRelease
 .text.osMutexRelease
                0x08001038        0x4 Middlewares\Third_Party\FreeRTOS\Source\CMSIS_RTOS\cmsis_os.o
                0x08001038                osMutexRelease
 .text.osSystickHandler
                0x0800103c       0x14 Middlewares\Third_Party\FreeRTOS\Source\CMSIS_RTOS\cmsis_os.o
                0x0800103c                osSystickHandler
 .text.vListInitialise
                0x08001050       0x16 Middlewares\Third_Party\FreeRTOS\Source\list.o
                0x08001050                vListInitialise
 .text.vListInitialiseItem
                0x08001066        0x6 Middlewares\Third_Party\FreeRTOS\Source\list.o
                0x08001066                vListInitialiseItem
 .text.vListInsertEnd
                0x0800106c       0x18 Middlewares\Third_Party\FreeRTOS\Source\list.o
                0x0800106c                vListInsertEnd
 .text.vListInsert
                0x08001084       0x30 Middlewares\Third_Party\FreeRTOS\Source\list.o
                0x08001084                vListInsert
 .text.uxListRemove
                0x080010b4       0x20 Middlewares\Third_Party\FreeRTOS\Source\list.o
                0x080010b4                uxListRemove
 .text.prvTaskExitError
                0x080010d4       0x30 Middlewares\Third_Party\FreeRTOS\Source\portable\GCC\ARM_CM4F\port.o
 .text.prvPortStartFirstTask
                0x08001104       0x20 Middlewares\Third_Party\FreeRTOS\Source\portable\GCC\ARM_CM4F\port.o
 .text.vPortEnableVFP
                0x08001124       0x14 Middlewares\Third_Party\FreeRTOS\Source\portable\GCC\ARM_CM4F\port.o
 .text.pxPortInitialiseStack
                0x08001138       0x24 Middlewares\Third_Party\FreeRTOS\Source\portable\GCC\ARM_CM4F\port.o
                0x08001138                pxPortInitialiseStack
 .text.SVC_Handler
                0x0800115c       0x20 Middlewares\Third_Party\FreeRTOS\Source\portable\GCC\ARM_CM4F\port.o
                0x0800115c                SVC_Handler
 .text.vPortEnterCritical
                0x0800117c       0x44 Middlewares\Third_Party\FreeRTOS\Source\portable\GCC\ARM_CM4F\port.o
                0x0800117c                vPortEnterCritical
 .text.vPortExitCritical
                0x080011c0       0x28 Middlewares\Third_Party\FreeRTOS\Source\portable\GCC\ARM_CM4F\port.o
                0x080011c0                vPortExitCritical
 .text.PendSV_Handler
                0x080011e8       0x60 Middlewares\Third_Party\FreeRTOS\Source\portable\GCC\ARM_CM4F\port.o
                0x080011e8                PendSV_Handler
 .text.xPortSysTickHandler
                0x08001248       0x30 Middlewares\Third_Party\FreeRTOS\Source\portable\GCC\ARM_CM4F\port.o
                0x08001248                xPortSysTickHandler
 .text.vPortSetupTimerInterrupt
                0x08001278       0x28 Middlewares\Third_Party\FreeRTOS\Source\portable\GCC\ARM_CM4F\port.o
                0x08001278                vPortSetupTimerInterrupt
 .text.xPortStartScheduler
                0x080012a0       0xec Middlewares\Third_Party\FreeRTOS\Source\portable\GCC\ARM_CM4F\port.o
                0x080012a0                xPortStartScheduler
 .text.vPortValidateInterruptPriority
                0x0800138c       0x5c Middlewares\Third_Party\FreeRTOS\Source\portable\GCC\ARM_CM4F\port.o
                0x0800138c                vPortValidateInterruptPriority
 .text.unlikely.prvInsertBlockIntoFreeList
                0x080013e8       0x48 Middlewares\Third_Party\FreeRTOS\Source\portable\MemMang\heap_4.o
 .text.pvPortMalloc
                0x08001430      0x124 Middlewares\Third_Party\FreeRTOS\Source\portable\MemMang\heap_4.o
                0x08001430                pvPortMalloc
 .text.vPortFree
                0x08001554       0x70 Middlewares\Third_Party\FreeRTOS\Source\portable\MemMang\heap_4.o
                0x08001554                vPortFree
 .text.unlikely.prvCopyDataToQueue
                0x080015c4       0x6a Middlewares\Third_Party\FreeRTOS\Source\queue.o
 .text.unlikely.prvCopyDataFromQueue
                0x0800162e       0x2a Middlewares\Third_Party\FreeRTOS\Source\queue.o
 .text.prvUnlockQueue
                0x08001658       0x68 Middlewares\Third_Party\FreeRTOS\Source\queue.o
 .text.xQueueGenericSend
                0x080016c0      0x164 Middlewares\Third_Party\FreeRTOS\Source\queue.o
                0x080016c0                xQueueGenericSend
 .text.xQueueCreateMutex
                0x08001824       0x4a Middlewares\Third_Party\FreeRTOS\Source\queue.o
                0x08001824                xQueueCreateMutex
 .text.xQueueGiveFromISR
                0x0800186e       0xa0 Middlewares\Third_Party\FreeRTOS\Source\queue.o
                0x0800186e                xQueueGiveFromISR
 *fill*         0x0800190e        0x2 
 .text.xQueueGenericReceive
                0x08001910      0x16c Middlewares\Third_Party\FreeRTOS\Source\queue.o
                0x08001910                xQueueGenericReceive
 .text.xQueueReceiveFromISR
                0x08001a7c       0x88 Middlewares\Third_Party\FreeRTOS\Source\queue.o
                0x08001a7c                xQueueReceiveFromISR
 .text.prvResetNextTaskUnblockTime
                0x08001b04       0x24 Middlewares\Third_Party\FreeRTOS\Source\tasks.o
 .text.prvAddCurrentTaskToDelayedList
                0x08001b28       0x50 Middlewares\Third_Party\FreeRTOS\Source\tasks.o
 .text.xTaskGenericCreate.part.5
                0x08001b78      0x1c4 Middlewares\Third_Party\FreeRTOS\Source\tasks.o
 .text.vTaskSetTimeOutState.part.7
                0x08001d3c       0x12 Middlewares\Third_Party\FreeRTOS\Source\tasks.o
 .text.xTaskGenericCreate
                0x08001d4e       0x3c Middlewares\Third_Party\FreeRTOS\Source\tasks.o
                0x08001d4e                xTaskGenericCreate
 *fill*         0x08001d8a        0x2 
 .text.vTaskStartScheduler
                0x08001d8c       0x70 Middlewares\Third_Party\FreeRTOS\Source\tasks.o
                0x08001d8c                vTaskStartScheduler
 .text.vTaskSuspendAll
                0x08001dfc       0x10 Middlewares\Third_Party\FreeRTOS\Source\tasks.o
                0x08001dfc                vTaskSuspendAll
 .text.xTaskIncrementTick
                0x08001e0c      0x130 Middlewares\Third_Party\FreeRTOS\Source\tasks.o
                0x08001e0c                xTaskIncrementTick
 .text.xTaskResumeAll
                0x08001f3c       0xec Middlewares\Third_Party\FreeRTOS\Source\tasks.o
                0x08001f3c                xTaskResumeAll
 .text.vTaskDelay
                0x08002028       0x7c Middlewares\Third_Party\FreeRTOS\Source\tasks.o
                0x08002028                vTaskDelay
 .text.prvIdleTask
                0x080020a4       0x78 Middlewares\Third_Party\FreeRTOS\Source\tasks.o
 .text.vTaskSwitchContext
                0x0800211c       0x74 Middlewares\Third_Party\FreeRTOS\Source\tasks.o
                0x0800211c                vTaskSwitchContext
 .text.vTaskPlaceOnEventList
                0x08002190       0x70 Middlewares\Third_Party\FreeRTOS\Source\tasks.o
                0x08002190                vTaskPlaceOnEventList
 .text.xTaskRemoveFromEventList
                0x08002200       0x84 Middlewares\Third_Party\FreeRTOS\Source\tasks.o
                0x08002200                xTaskRemoveFromEventList
 .text.vTaskSetTimeOutState
                0x08002284       0x20 Middlewares\Third_Party\FreeRTOS\Source\tasks.o
                0x08002284                vTaskSetTimeOutState
 .text.xTaskCheckForTimeOut
                0x080022a4       0x74 Middlewares\Third_Party\FreeRTOS\Source\tasks.o
                0x080022a4                xTaskCheckForTimeOut
 .text.vTaskMissedYield
                0x08002318        0xc Middlewares\Third_Party\FreeRTOS\Source\tasks.o
                0x08002318                vTaskMissedYield
 .text.xTaskGetSchedulerState
                0x08002324       0x20 Middlewares\Third_Party\FreeRTOS\Source\tasks.o
                0x08002324                xTaskGetSchedulerState
 .text.vTaskPriorityInherit
                0x08002344       0x8c Middlewares\Third_Party\FreeRTOS\Source\tasks.o
                0x08002344                vTaskPriorityInherit
 .text.xTaskPriorityDisinherit
                0x080023d0       0xa0 Middlewares\Third_Party\FreeRTOS\Source\tasks.o
                0x080023d0                xTaskPriorityDisinherit
 .text.pvTaskIncrementMutexHeldCount
                0x08002470       0x18 Middlewares\Third_Party\FreeRTOS\Source\tasks.o
                0x08002470                pvTaskIncrementMutexHeldCount
 .text.xTaskNotifyWait
                0x08002488       0xd0 Middlewares\Third_Party\FreeRTOS\Source\tasks.o
                0x08002488                xTaskNotifyWait
 .text.xTaskGenericNotify
                0x08002558       0xd0 Middlewares\Third_Party\FreeRTOS\Source\tasks.o
                0x08002558                xTaskGenericNotify
 .text.xTaskGenericNotifyFromISR
                0x08002628       0xfc Middlewares\Third_Party\FreeRTOS\Source\tasks.o
                0x08002628                xTaskGenericNotifyFromISR
 .text.LCD_ConfigurePort
                0x08002724       0x94 Src\HD44780.o
                0x08002724                LCD_ConfigurePort
 .text.LCD_Port_Set_Input
                0x080027b8       0x6c Src\HD44780.o
                0x080027b8                LCD_Port_Set_Input
 .text.LCD_Port_Set_Output
                0x08002824       0x8c Src\HD44780.o
                0x08002824                LCD_Port_Set_Output
 .text.LCD_DeleteTask
                0x080028b0       0x48 Src\HD44780.o
                0x080028b0                LCD_DeleteTask
 .text.LCD_ClockTick
                0x080028f8      0x3fc Src\HD44780.o
                0x080028f8                LCD_ClockTick
 .text.LCD_PushTask
                0x08002cf4       0x40 Src\HD44780.o
                0x08002cf4                LCD_PushTask
 .text.LCD_Print
                0x08002d34       0x30 Src\HD44780.o
                0x08002d34                LCD_Print
 .text.LCD_CursorOn
                0x08002d64       0x50 Src\HD44780.o
                0x08002d64                LCD_CursorOn
 .text.LCD_CursorBlink
                0x08002db4       0x50 Src\HD44780.o
                0x08002db4                LCD_CursorBlink
 .text.LCD_MoveToPosition
                0x08002e04       0x28 Src\HD44780.o
                0x08002e04                LCD_MoveToPosition
 .text.LCD_WaitNotBusy
                0x08002e2c       0x24 Src\HD44780.o
                0x08002e2c                LCD_WaitNotBusy
 .text.LCD_HardInitalize
                0x08002e50      0x198 Src\HD44780.o
                0x08002e50                LCD_HardInitalize
 .text.LCD_Initalize
                0x08002fe8       0x90 Src\HD44780.o
                0x08002fe8                LCD_Initalize
 .text.thread_Default
                0x08003078        0xa Src\freertos.o
                0x08003078                thread_Default
 *fill*         0x08003082        0x2 
 .text.thread_CtrTick
                0x08003084       0xfc Src\freertos.o
                0x08003084                thread_CtrTick
 .text.thread_CtrReset
                0x08003180       0xd0 Src\freertos.o
                0x08003180                thread_CtrReset
 .text.thread_CtrPause
                0x08003250       0x54 Src\freertos.o
                0x08003250                thread_CtrPause
 .text.thread_CtrStart
                0x080032a4       0xe0 Src\freertos.o
                0x080032a4                thread_CtrStart
 .text.thread_Toggle
                0x08003384       0x54 Src\freertos.o
                0x08003384                thread_Toggle
 .text.thread_ClkTick
                0x080033d8       0x5c Src\freertos.o
                0x080033d8                thread_ClkTick
 .text.thread_ClkHour
                0x08003434       0x60 Src\freertos.o
                0x08003434                thread_ClkHour
 .text.thread_ClkMin
                0x08003494       0x5c Src\freertos.o
                0x08003494                thread_ClkMin
 .text.thread_ClkSec
                0x080034f0       0x58 Src\freertos.o
                0x080034f0                thread_ClkSec
 .text.thread_UpdateLCD
                0x08003548       0x1e Src\freertos.o
                0x08003548                thread_UpdateLCD
 *fill*         0x08003566        0x2 
 .text.thread_UpdateMsg
                0x08003568      0x3cc Src\freertos.o
                0x08003568                thread_UpdateMsg
 .text.MX_FREERTOS_Init
                0x08003934      0x228 Src\freertos.o
                0x08003934                MX_FREERTOS_Init
 .text.MX_GPIO_Init
                0x08003b5c      0x1c8 Src\gpio.o
                0x08003b5c                MX_GPIO_Init
 .text.HAL_GPIO_EXTI_Callback
                0x08003d24       0x7c Src\main.o
                0x08003d24                HAL_GPIO_EXTI_Callback
 .text.HAL_TIM_PeriodElapsedCallback
                0x08003da0       0x80 Src\main.o
                0x08003da0                HAL_TIM_PeriodElapsedCallback
 .text.Error_Handler
                0x08003e20       0x44 Src\main.o
                0x08003e20                Error_Handler
 .text.SystemClock_Config
                0x08003e64       0xb0 Src\main.o
                0x08003e64                SystemClock_Config
 .text.startup.main
                0x08003f14       0x6c Src\main.o
                0x08003f14                main
 .text.HAL_MspInit
                0x08003f80       0x60 Src\stm32f4xx_hal_msp.o
                0x08003f80                HAL_MspInit
 .text.HAL_InitTick
                0x08003fe0       0x78 Src\stm32f4xx_hal_timebase_TIM.o
                0x08003fe0                HAL_InitTick
 .text.SysTick_Handler
                0x08004058        0x4 Src\stm32f4xx_it.o
                0x08004058                SysTick_Handler
 .text.EXTI0_IRQHandler
                0x0800405c        0x6 Src\stm32f4xx_it.o
                0x0800405c                EXTI0_IRQHandler
 .text.EXTI1_IRQHandler
                0x08004062        0x6 Src\stm32f4xx_it.o
                0x08004062                EXTI1_IRQHandler
 .text.EXTI2_IRQHandler
                0x08004068        0x6 Src\stm32f4xx_it.o
                0x08004068                EXTI2_IRQHandler
 .text.EXTI4_IRQHandler
                0x0800406e        0x6 Src\stm32f4xx_it.o
                0x0800406e                EXTI4_IRQHandler
 .text.EXTI9_5_IRQHandler
                0x08004074        0x6 Src\stm32f4xx_it.o
                0x08004074                EXTI9_5_IRQHandler
 *fill*         0x0800407a        0x2 
 .text.TIM1_UP_TIM10_IRQHandler
                0x0800407c        0xc Src\stm32f4xx_it.o
                0x0800407c                TIM1_UP_TIM10_IRQHandler
 .text.TIM2_IRQHandler
                0x08004088        0xc Src\stm32f4xx_it.o
                0x08004088                TIM2_IRQHandler
 .text.TIM3_IRQHandler
                0x08004094        0xc Src\stm32f4xx_it.o
                0x08004094                TIM3_IRQHandler
 .text.TIM4_IRQHandler
                0x080040a0        0xc Src\stm32f4xx_it.o
                0x080040a0                TIM4_IRQHandler
 .text.EXTI15_10_IRQHandler
                0x080040ac       0x1e Src\stm32f4xx_it.o
                0x080040ac                EXTI15_10_IRQHandler
 *fill*         0x080040ca        0x2 
 .text.TIM5_IRQHandler
                0x080040cc        0xc Src\stm32f4xx_it.o
                0x080040cc                TIM5_IRQHandler
 .text.MX_TIM2_Init
                0x080040d8       0x58 Src\tim.o
                0x080040d8                MX_TIM2_Init
 .text.MX_TIM3_Init
                0x08004130       0x5c Src\tim.o
                0x08004130                MX_TIM3_Init
 .text.MX_TIM4_Init
                0x0800418c       0x58 Src\tim.o
                0x0800418c                MX_TIM4_Init
 .text.MX_TIM5_Init
                0x080041e4       0x5c Src\tim.o
                0x080041e4                MX_TIM5_Init
 .text.HAL_TIM_Base_MspInit
                0x08004240       0xc8 Src\tim.o
                0x08004240                HAL_TIM_Base_MspInit
 .text.__libc_init_array
                0x08004308       0x4c c:/program files (x86)/atollic/truestudio for arm 6.0.0/armtools/bin/../lib/gcc/arm-atollic-eabi/5.3.1/../../../../arm-atollic-eabi/lib/armv7e-m/fpu\libc.a(lib_a-init.o)
                0x08004308                __libc_init_array
 .text.memcpy   0x08004354       0x16 c:/program files (x86)/atollic/truestudio for arm 6.0.0/armtools/bin/../lib/gcc/arm-atollic-eabi/5.3.1/../../../../arm-atollic-eabi/lib/armv7e-m/fpu\libc.a(lib_a-memcpy-stub.o)
                0x08004354                memcpy
 .text.memset   0x0800436a       0x10 c:/program files (x86)/atollic/truestudio for arm 6.0.0/armtools/bin/../lib/gcc/arm-atollic-eabi/5.3.1/../../../../arm-atollic-eabi/lib/armv7e-m/fpu\libc.a(lib_a-memset.o)
                0x0800436a                memset
 *(.glue_7)
 .glue_7        0x0800437a        0x0 linker stubs
 *(.glue_7t)
 .glue_7t       0x0800437a        0x0 linker stubs
 *(.eh_frame)
 *fill*         0x0800437a        0x2 
 .eh_frame      0x0800437c        0x0 c:/program files (x86)/atollic/truestudio for arm 6.0.0/armtools/bin/../lib/gcc/arm-atollic-eabi/5.3.1/armv7e-m/fpu/crtbegin.o
 *(.init)
 .init          0x0800437c        0x4 c:/program files (x86)/atollic/truestudio for arm 6.0.0/armtools/bin/../lib/gcc/arm-atollic-eabi/5.3.1/armv7e-m/fpu/crti.o
                0x0800437c                _init
 .init          0x08004380        0x8 c:/program files (x86)/atollic/truestudio for arm 6.0.0/armtools/bin/../lib/gcc/arm-atollic-eabi/5.3.1/armv7e-m/fpu/crtn.o
 *(.fini)
 .fini          0x08004388        0x4 c:/program files (x86)/atollic/truestudio for arm 6.0.0/armtools/bin/../lib/gcc/arm-atollic-eabi/5.3.1/armv7e-m/fpu/crti.o
                0x08004388                _fini
 .fini          0x0800438c        0x8 c:/program files (x86)/atollic/truestudio for arm 6.0.0/armtools/bin/../lib/gcc/arm-atollic-eabi/5.3.1/armv7e-m/fpu/crtn.o
                0x08004394                . = ALIGN (0x4)
                0x08004394                _etext = .

.vfp11_veneer   0x08004394        0x0
 .vfp11_veneer  0x08004394        0x0 linker stubs

.v4_bx          0x08004394        0x0
 .v4_bx         0x08004394        0x0 linker stubs

.iplt           0x08004394        0x0
 .iplt          0x08004394        0x0 c:/program files (x86)/atollic/truestudio for arm 6.0.0/armtools/bin/../lib/gcc/arm-atollic-eabi/5.3.1/armv7e-m/fpu/crtbegin.o

.rodata         0x08004394      0x19c
                0x08004394                . = ALIGN (0x4)
 *(.rodata)
 .rodata        0x08004394       0xf0 Src\freertos.o
 *(.rodata*)
 .rodata.APBAHBPrescTable
                0x08004484       0x10 Drivers\STM32F4xx_HAL_Driver\Src\stm32f4xx_hal_rcc.o
                0x08004484                APBAHBPrescTable
 .rodata.str1.1
                0x08004494        0x5 Middlewares\Third_Party\FreeRTOS\Source\tasks.o
 .rodata.str1.1
                0x08004499       0x94 Src\freertos.o
                0x08004530                . = ALIGN (0x4)
 *fill*         0x0800452d        0x3 

.rel.dyn        0x08004530        0x0
 .rel.iplt      0x08004530        0x0 c:/program files (x86)/atollic/truestudio for arm 6.0.0/armtools/bin/../lib/gcc/arm-atollic-eabi/5.3.1/armv7e-m/fpu/crtbegin.o

.ARM.extab
 *(.ARM.extab* .gnu.linkonce.armextab.*)

.ARM            0x08004530        0x0
                0x08004530                __exidx_start = .
 *(.ARM.exidx*)
                0x08004530                __exidx_end = .

.preinit_array  0x08004530        0x0
                0x08004530                PROVIDE (__preinit_array_start, .)
 *(.preinit_array*)
                0x08004530                PROVIDE (__preinit_array_end, .)

.init_array     0x08004530        0x4
                0x08004530                PROVIDE (__init_array_start, .)
 *(SORT(.init_array.*))
 *(.init_array*)
 .init_array    0x08004530        0x4 c:/program files (x86)/atollic/truestudio for arm 6.0.0/armtools/bin/../lib/gcc/arm-atollic-eabi/5.3.1/armv7e-m/fpu/crtbegin.o
                0x08004534                PROVIDE (__init_array_end, .)

.fini_array     0x08004534        0x4
                [!provide]                PROVIDE (__fini_array_start, .)
 *(SORT(.fini_array.*))
 *(.fini_array*)
 .fini_array    0x08004534        0x4 c:/program files (x86)/atollic/truestudio for arm 6.0.0/armtools/bin/../lib/gcc/arm-atollic-eabi/5.3.1/armv7e-m/fpu/crtbegin.o
                [!provide]                PROVIDE (__fini_array_end, .)
                0x08004538                _sidata = LOADADDR (.data)

.data           0x20000000        0xc load address 0x08004538
                0x20000000                . = ALIGN (0x4)
                0x20000000                _sdata = .
 *(.data)
 *(.data*)
 .data.SystemCoreClock
                0x20000000        0x4 Drivers\CMSIS\Device\ST\STM32F4xx\Source\Templates\system_stm32f4xx.o
                0x20000000                SystemCoreClock
 .data.uxCriticalNesting
                0x20000004        0x4 Middlewares\Third_Party\FreeRTOS\Source\portable\GCC\ARM_CM4F\port.o
 .data.counter_play
                0x20000008        0x4 Src\freertos.o
                0x20000008                counter_play
                0x2000000c                . = ALIGN (0x4)
                0x2000000c                _edata = .

.igot.plt       0x2000000c        0x0 load address 0x08004544
 .igot.plt      0x2000000c        0x0 c:/program files (x86)/atollic/truestudio for arm 6.0.0/armtools/bin/../lib/gcc/arm-atollic-eabi/5.3.1/armv7e-m/fpu/crtbegin.o
                0x2000000c                . = ALIGN (0x4)

.bss            0x2000000c     0x4420 load address 0x08004544
                0x2000000c                _sbss = .
                0x2000000c                __bss_start__ = _sbss
 *(.bss)
 .bss           0x2000000c       0x1c c:/program files (x86)/atollic/truestudio for arm 6.0.0/armtools/bin/../lib/gcc/arm-atollic-eabi/5.3.1/armv7e-m/fpu/crtbegin.o
 *(.bss*)
 .bss.ucMaxSysCallPriority
                0x20000028        0x1 Middlewares\Third_Party\FreeRTOS\Source\portable\GCC\ARM_CM4F\port.o
 *fill*         0x20000029        0x3 
 .bss.ulMaxPRIGROUPValue
                0x2000002c        0x4 Middlewares\Third_Party\FreeRTOS\Source\portable\GCC\ARM_CM4F\port.o
 .bss.xFreeBytesRemaining
                0x20000030        0x4 Middlewares\Third_Party\FreeRTOS\Source\portable\MemMang\heap_4.o
 .bss.pxEnd     0x20000034        0x4 Middlewares\Third_Party\FreeRTOS\Source\portable\MemMang\heap_4.o
 .bss.xStart    0x20000038        0x8 Middlewares\Third_Party\FreeRTOS\Source\portable\MemMang\heap_4.o
 .bss.ucHeap    0x20000040     0x3c00 Middlewares\Third_Party\FreeRTOS\Source\portable\MemMang\heap_4.o
 .bss.xBlockAllocatedBit
                0x20003c40        0x4 Middlewares\Third_Party\FreeRTOS\Source\portable\MemMang\heap_4.o
 .bss.xMinimumEverFreeBytesRemaining
                0x20003c44        0x4 Middlewares\Third_Party\FreeRTOS\Source\portable\MemMang\heap_4.o
 .bss.xNumOfOverflows
                0x20003c48        0x4 Middlewares\Third_Party\FreeRTOS\Source\tasks.o
 .bss.pxDelayedTaskList
                0x20003c4c        0x4 Middlewares\Third_Party\FreeRTOS\Source\tasks.o
 .bss.xSchedulerRunning
                0x20003c50        0x4 Middlewares\Third_Party\FreeRTOS\Source\tasks.o
 .bss.uxTasksDeleted
                0x20003c54        0x4 Middlewares\Third_Party\FreeRTOS\Source\tasks.o
 .bss.xTasksWaitingTermination
                0x20003c58       0x14 Middlewares\Third_Party\FreeRTOS\Source\tasks.o
 .bss.xSuspendedTaskList
                0x20003c6c       0x14 Middlewares\Third_Party\FreeRTOS\Source\tasks.o
 .bss.uxPendedTicks
                0x20003c80        0x4 Middlewares\Third_Party\FreeRTOS\Source\tasks.o
 .bss.pxReadyTasksLists
                0x20003c84       0x8c Middlewares\Third_Party\FreeRTOS\Source\tasks.o
 .bss.uxSchedulerSuspended
                0x20003d10        0x4 Middlewares\Third_Party\FreeRTOS\Source\tasks.o
 .bss.pxCurrentTCB
                0x20003d14        0x4 Middlewares\Third_Party\FreeRTOS\Source\tasks.o
                0x20003d14                pxCurrentTCB
 .bss.xNextTaskUnblockTime
                0x20003d18        0x4 Middlewares\Third_Party\FreeRTOS\Source\tasks.o
 .bss.xTickCount
                0x20003d1c        0x4 Middlewares\Third_Party\FreeRTOS\Source\tasks.o
 .bss.pxOverflowDelayedTaskList
                0x20003d20        0x4 Middlewares\Third_Party\FreeRTOS\Source\tasks.o
 .bss.xPendingReadyList
                0x20003d24       0x14 Middlewares\Third_Party\FreeRTOS\Source\tasks.o
 .bss.uxTaskNumber
                0x20003d38        0x4 Middlewares\Third_Party\FreeRTOS\Source\tasks.o
 .bss.xDelayedTaskList1
                0x20003d3c       0x14 Middlewares\Third_Party\FreeRTOS\Source\tasks.o
 .bss.xDelayedTaskList2
                0x20003d50       0x14 Middlewares\Third_Party\FreeRTOS\Source\tasks.o
 .bss.uxCurrentNumberOfTasks
                0x20003d64        0x4 Middlewares\Third_Party\FreeRTOS\Source\tasks.o
 .bss.uxTopReadyPriority
                0x20003d68        0x4 Middlewares\Third_Party\FreeRTOS\Source\tasks.o
 .bss.xYieldPending
                0x20003d6c        0x4 Middlewares\Third_Party\FreeRTOS\Source\tasks.o
 .bss.counter_go
                0x20003d70        0x4 Src\freertos.o
                0x20003d70                counter_go
 .bss.state     0x20003d74        0x4 Src\freertos.o
                0x20003d74                state
 .bss.clock_time
                0x20003d78        0x4 Src\freertos.o
                0x20003d78                clock_time
 .bss.counter_appear_time
                0x20003d7c        0x4 Src\freertos.o
                0x20003d7c                counter_appear_time
 .bss.counter_time
                0x20003d80        0x4 Src\freertos.o
                0x20003d80                counter_time
 *(COMMON)
 COMMON         0x20003d84        0x4 Drivers\STM32F4xx_HAL_Driver\Src\stm32f4xx_hal.o
                0x20003d84                uwTick
 COMMON         0x20003d88      0x518 Src\HD44780.o
                0x20003d88                HD44780_Cursor_Blink
                0x20003d8c                LCD_DB6
                0x20003d90                LCD_DB3
                0x20003d94                LCD_E
                0x20003d98                HD44780_Bus_Width
                0x20003d9c                LCD_DB1
                0x20003da0                HD44780_Font_Size
                0x20003da2                HD44780_Display_Lines
                0x20003da4                RCC_AHB1Periph_GPIOx
                0x20003da8                LCD_DB7
                0x20003dac                HD44780_Display_On_Off
                0x20003db0                LCD_RS
                0x20003db4                BottomOfQueue
                0x20003db6                HD44780_Entry_Inc_Dec
                0x20003db8                GPIO_InitStruct
                0x20003dcc                HD44780_Cursor_On_Off
                0x20003dd0                LCD_DB2
                0x20003dd4                LCD_RW
                0x20003dd8                HD44780_Display_Shift
                0x20003dda                LCD_Data
                0x20003ddc                TopOfQueue
                0x20003de0                LCD_DB5
                0x20003de4                Task_Queue
                0x20004294                LCD_DB0
                0x20004298                LCD_DB4
                0x2000429c                LCD_Port
 COMMON         0x200042a0       0x5c Src\freertos.o
                0x200042a0                taskClkHourHandle
                0x200042a4                taskClkTickHandle
                0x200042a8                mutexClkTimeHandle
                0x200042ac                mutexStateHandle
                0x200042b0                mutexCtrTimeHandle
                0x200042b4                appear_time
                0x200042c4                taskToggleHandle
                0x200042c8                taskCtrResetHandle
                0x200042cc                mutexButtonPressedHandle
                0x200042d0                mutexCtrPlayHandle
                0x200042d4                taskClkMinHandle
                0x200042d8                taskUpdateLCDHandle
                0x200042dc                taskCtrStartHandle
                0x200042e0                taskDefaultHandle
                0x200042e4                taskUpdateMsgHandle
                0x200042e8                mutexCtrGoHandle
                0x200042ec                taskCtrTickHandle
                0x200042f0                mutexCtrAppearTimeHandle
                0x200042f4                taskCtrPauseHandle
                0x200042f8                taskClkSecHandle
 COMMON         0x200042fc        0x4 Src\main.o
                0x200042fc                selectedTask
 COMMON         0x20004300       0x3c Src\stm32f4xx_hal_timebase_TIM.o
                0x20004300                htim1
 COMMON         0x2000433c       0xf0 Src\tim.o
                0x2000433c                htim4
                0x20004378                htim5
                0x200043b4                htim3
                0x200043f0                htim2
                0x2000442c                . = ALIGN (0x4)
                0x2000442c                _ebss = .
                0x2000442c                __bss_end__ = _ebss

._user_heap_stack
                0x2000442c      0x600 load address 0x08004544
                0x2000442c                . = ALIGN (0x4)
                [!provide]                PROVIDE (end, .)
                [!provide]                PROVIDE (_end, .)
                0x2000462c                . = (. + _Min_Heap_Size)
 *fill*         0x2000442c      0x200 
                0x20004a2c                . = (. + _Min_Stack_Size)
 *fill*         0x2000462c      0x400 
                0x20004a2c                . = ALIGN (0x4)

/DISCARD/
 libc.a(*)
 libm.a(*)
 libgcc.a(*)

.ARM.attributes
                0x00000000       0x30
 *(.ARM.attributes)
 .ARM.attributes
                0x00000000       0x22 c:/program files (x86)/atollic/truestudio for arm 6.0.0/armtools/bin/../lib/gcc/arm-atollic-eabi/5.3.1/armv7e-m/fpu/crti.o
 .ARM.attributes
                0x00000022       0x34 c:/program files (x86)/atollic/truestudio for arm 6.0.0/armtools/bin/../lib/gcc/arm-atollic-eabi/5.3.1/armv7e-m/fpu/crtbegin.o
 .ARM.attributes
                0x00000056       0x21 Drivers\CMSIS\Device\ST\STM32F4xx\Source\Templates\gcc\startup_stm32f401xe.o
 .ARM.attributes
                0x00000077       0x39 Drivers\CMSIS\Device\ST\STM32F4xx\Source\Templates\system_stm32f4xx.o
 .ARM.attributes
                0x000000b0       0x39 Drivers\STM32F4xx_HAL_Driver\Src\stm32f4xx_hal.o
 .ARM.attributes
                0x000000e9       0x39 Drivers\STM32F4xx_HAL_Driver\Src\stm32f4xx_hal_cortex.o
 .ARM.attributes
                0x00000122       0x39 Drivers\STM32F4xx_HAL_Driver\Src\stm32f4xx_hal_gpio.o
 .ARM.attributes
                0x0000015b       0x39 Drivers\STM32F4xx_HAL_Driver\Src\stm32f4xx_hal_rcc.o
 .ARM.attributes
                0x00000194       0x39 Drivers\STM32F4xx_HAL_Driver\Src\stm32f4xx_hal_tim.o
 .ARM.attributes
                0x000001cd       0x39 Drivers\STM32F4xx_HAL_Driver\Src\stm32f4xx_hal_tim_ex.o
 .ARM.attributes
                0x00000206       0x39 Middlewares\Third_Party\FreeRTOS\Source\CMSIS_RTOS\cmsis_os.o
 .ARM.attributes
                0x0000023f       0x39 Middlewares\Third_Party\FreeRTOS\Source\list.o
 .ARM.attributes
                0x00000278       0x39 Middlewares\Third_Party\FreeRTOS\Source\portable\GCC\ARM_CM4F\port.o
 .ARM.attributes
                0x000002b1       0x39 Middlewares\Third_Party\FreeRTOS\Source\portable\MemMang\heap_4.o
 .ARM.attributes
                0x000002ea       0x39 Middlewares\Third_Party\FreeRTOS\Source\queue.o
 .ARM.attributes
                0x00000323       0x39 Middlewares\Third_Party\FreeRTOS\Source\tasks.o
 .ARM.attributes
                0x0000035c       0x39 Src\HD44780.o
 .ARM.attributes
                0x00000395       0x39 Src\freertos.o
 .ARM.attributes
                0x000003ce       0x39 Src\gpio.o
 .ARM.attributes
                0x00000407       0x39 Src\main.o
 .ARM.attributes
                0x00000440       0x39 Src\stm32f4xx_hal_msp.o
 .ARM.attributes
                0x00000479       0x39 Src\stm32f4xx_hal_timebase_TIM.o
 .ARM.attributes
                0x000004b2       0x39 Src\stm32f4xx_it.o
 .ARM.attributes
                0x000004eb       0x39 Src\tim.o
 .ARM.attributes
                0x00000524       0x34 c:/program files (x86)/atollic/truestudio for arm 6.0.0/armtools/bin/../lib/gcc/arm-atollic-eabi/5.3.1/../../../../arm-atollic-eabi/lib/armv7e-m/fpu\libc.a(lib_a-init.o)
 .ARM.attributes
                0x00000558       0x34 c:/program files (x86)/atollic/truestudio for arm 6.0.0/armtools/bin/../lib/gcc/arm-atollic-eabi/5.3.1/../../../../arm-atollic-eabi/lib/armv7e-m/fpu\libc.a(lib_a-memcpy-stub.o)
 .ARM.attributes
                0x0000058c       0x34 c:/program files (x86)/atollic/truestudio for arm 6.0.0/armtools/bin/../lib/gcc/arm-atollic-eabi/5.3.1/../../../../arm-atollic-eabi/lib/armv7e-m/fpu\libc.a(lib_a-memset.o)
 .ARM.attributes
                0x000005c0       0x22 c:/program files (x86)/atollic/truestudio for arm 6.0.0/armtools/bin/../lib/gcc/arm-atollic-eabi/5.3.1/armv7e-m/fpu/crtn.o
OUTPUT(Clock_Counter.elf elf32-littlearm)

.debug_line     0x00000000     0x69c4
 .debug_line    0x00000000       0xae Drivers\CMSIS\Device\ST\STM32F4xx\Source\Templates\gcc\startup_stm32f401xe.o
 .debug_line    0x000000ae      0x1f2 Drivers\CMSIS\Device\ST\STM32F4xx\Source\Templates\system_stm32f4xx.o
 .debug_line    0x000002a0      0x3ab Drivers\STM32F4xx_HAL_Driver\Src\stm32f4xx_hal.o
 .debug_line    0x0000064b      0x3f2 Drivers\STM32F4xx_HAL_Driver\Src\stm32f4xx_hal_cortex.o
 .debug_line    0x00000a3d      0x3ad Drivers\STM32F4xx_HAL_Driver\Src\stm32f4xx_hal_gpio.o
 .debug_line    0x00000dea      0x56e Drivers\STM32F4xx_HAL_Driver\Src\stm32f4xx_hal_rcc.o
 .debug_line    0x00001358      0xfdd Drivers\STM32F4xx_HAL_Driver\Src\stm32f4xx_hal_tim.o
 .debug_line    0x00002335      0x620 Drivers\STM32F4xx_HAL_Driver\Src\stm32f4xx_hal_tim_ex.o
 .debug_line    0x00002955      0x794 Middlewares\Third_Party\FreeRTOS\Source\CMSIS_RTOS\cmsis_os.o
 .debug_line    0x000030e9      0x249 Middlewares\Third_Party\FreeRTOS\Source\list.o
 .debug_line    0x00003332      0x33f Middlewares\Third_Party\FreeRTOS\Source\portable\GCC\ARM_CM4F\port.o
 .debug_line    0x00003671      0x372 Middlewares\Third_Party\FreeRTOS\Source\portable\MemMang\heap_4.o
 .debug_line    0x000039e3      0x743 Middlewares\Third_Party\FreeRTOS\Source\queue.o
 .debug_line    0x00004126      0xbbb Middlewares\Third_Party\FreeRTOS\Source\tasks.o
 .debug_line    0x00004ce1      0x589 Src\HD44780.o
 .debug_line    0x0000526a      0x70b Src\freertos.o
 .debug_line    0x00005975      0x23d Src\gpio.o
 .debug_line    0x00005bb2      0x3c6 Src\main.o
 .debug_line    0x00005f78      0x1d8 Src\stm32f4xx_hal_msp.o
 .debug_line    0x00006150      0x270 Src\stm32f4xx_hal_timebase_TIM.o
 .debug_line    0x000063c0      0x310 Src\stm32f4xx_it.o
 .debug_line    0x000066d0      0x2f4 Src\tim.o

.debug_info     0x00000000    0x13301
 .debug_info    0x00000000       0xa8 Drivers\CMSIS\Device\ST\STM32F4xx\Source\Templates\gcc\startup_stm32f401xe.o
 .debug_info    0x000000a8      0x500 Drivers\CMSIS\Device\ST\STM32F4xx\Source\Templates\system_stm32f4xx.o
 .debug_info    0x000005a8      0x86a Drivers\STM32F4xx_HAL_Driver\Src\stm32f4xx_hal.o
 .debug_info    0x00000e12      0xde5 Drivers\STM32F4xx_HAL_Driver\Src\stm32f4xx_hal_cortex.o
 .debug_info    0x00001bf7      0x757 Drivers\STM32F4xx_HAL_Driver\Src\stm32f4xx_hal_gpio.o
 .debug_info    0x0000234e      0xcbd Drivers\STM32F4xx_HAL_Driver\Src\stm32f4xx_hal_rcc.o
 .debug_info    0x0000300b     0x2e9e Drivers\STM32F4xx_HAL_Driver\Src\stm32f4xx_hal_tim.o
 .debug_info    0x00005ea9      0xf63 Drivers\STM32F4xx_HAL_Driver\Src\stm32f4xx_hal_tim_ex.o
 .debug_info    0x00006e0c     0x1ae7 Middlewares\Third_Party\FreeRTOS\Source\CMSIS_RTOS\cmsis_os.o
 .debug_info    0x000088f3      0x2a1 Middlewares\Third_Party\FreeRTOS\Source\list.o
 .debug_info    0x00008b94      0x557 Middlewares\Third_Party\FreeRTOS\Source\portable\GCC\ARM_CM4F\port.o
 .debug_info    0x000090eb      0x486 Middlewares\Third_Party\FreeRTOS\Source\portable\MemMang\heap_4.o
 .debug_info    0x00009571     0x1674 Middlewares\Third_Party\FreeRTOS\Source\queue.o
 .debug_info    0x0000abe5     0x2718 Middlewares\Third_Party\FreeRTOS\Source\tasks.o
 .debug_info    0x0000d2fd      0xda2 Src\HD44780.o
 .debug_info    0x0000e09f     0x1634 Src\freertos.o
 .debug_info    0x0000f6d3      0x88c Src\gpio.o
 .debug_info    0x0000ff5f     0x1024 Src\main.o
 .debug_info    0x00010f83      0x35a Src\stm32f4xx_hal_msp.o
 .debug_info    0x000112dd      0xad2 Src\stm32f4xx_hal_timebase_TIM.o
 .debug_info    0x00011daf      0x7a6 Src\stm32f4xx_it.o
 .debug_info    0x00012555      0xdac Src\tim.o

.debug_abbrev   0x00000000     0x2ece
 .debug_abbrev  0x00000000       0x12 Drivers\CMSIS\Device\ST\STM32F4xx\Source\Templates\gcc\startup_stm32f401xe.o
 .debug_abbrev  0x00000012      0x101 Drivers\CMSIS\Device\ST\STM32F4xx\Source\Templates\system_stm32f4xx.o
 .debug_abbrev  0x00000113      0x26f Drivers\STM32F4xx_HAL_Driver\Src\stm32f4xx_hal.o
 .debug_abbrev  0x00000382      0x32f Drivers\STM32F4xx_HAL_Driver\Src\stm32f4xx_hal_cortex.o
 .debug_abbrev  0x000006b1      0x1c8 Drivers\STM32F4xx_HAL_Driver\Src\stm32f4xx_hal_gpio.o
 .debug_abbrev  0x00000879      0x31e Drivers\STM32F4xx_HAL_Driver\Src\stm32f4xx_hal_rcc.o
 .debug_abbrev  0x00000b97      0x320 Drivers\STM32F4xx_HAL_Driver\Src\stm32f4xx_hal_tim.o
 .debug_abbrev  0x00000eb7      0x27f Drivers\STM32F4xx_HAL_Driver\Src\stm32f4xx_hal_tim_ex.o
 .debug_abbrev  0x00001136      0x36c Middlewares\Third_Party\FreeRTOS\Source\CMSIS_RTOS\cmsis_os.o
 .debug_abbrev  0x000014a2       0xdc Middlewares\Third_Party\FreeRTOS\Source\list.o
 .debug_abbrev  0x0000157e      0x21b Middlewares\Third_Party\FreeRTOS\Source\portable\GCC\ARM_CM4F\port.o
 .debug_abbrev  0x00001799      0x230 Middlewares\Third_Party\FreeRTOS\Source\portable\MemMang\heap_4.o
 .debug_abbrev  0x000019c9      0x2d0 Middlewares\Third_Party\FreeRTOS\Source\queue.o
 .debug_abbrev  0x00001c99      0x383 Middlewares\Third_Party\FreeRTOS\Source\tasks.o
 .debug_abbrev  0x0000201c      0x29e Src\HD44780.o
 .debug_abbrev  0x000022ba      0x289 Src\freertos.o
 .debug_abbrev  0x00002543      0x168 Src\gpio.o
 .debug_abbrev  0x000026ab      0x22f Src\main.o
 .debug_abbrev  0x000028da       0xc2 Src\stm32f4xx_hal_msp.o
 .debug_abbrev  0x0000299c      0x1de Src\stm32f4xx_hal_timebase_TIM.o
 .debug_abbrev  0x00002b7a      0x18b Src\stm32f4xx_it.o
 .debug_abbrev  0x00002d05      0x1c9 Src\tim.o

.debug_aranges  0x00000000      0xd60
 .debug_aranges
                0x00000000       0x28 Drivers\CMSIS\Device\ST\STM32F4xx\Source\Templates\gcc\startup_stm32f401xe.o
 .debug_aranges
                0x00000028       0x28 Drivers\CMSIS\Device\ST\STM32F4xx\Source\Templates\system_stm32f4xx.o
 .debug_aranges
                0x00000050       0xb8 Drivers\STM32F4xx_HAL_Driver\Src\stm32f4xx_hal.o
 .debug_aranges
                0x00000108       0x98 Drivers\STM32F4xx_HAL_Driver\Src\stm32f4xx_hal_cortex.o
 .debug_aranges
                0x000001a0       0x58 Drivers\STM32F4xx_HAL_Driver\Src\stm32f4xx_hal_gpio.o
 .debug_aranges
                0x000001f8       0x80 Drivers\STM32F4xx_HAL_Driver\Src\stm32f4xx_hal_rcc.o
 .debug_aranges
                0x00000278      0x250 Drivers\STM32F4xx_HAL_Driver\Src\stm32f4xx_hal_tim.o
 .debug_aranges
                0x000004c8       0xf0 Drivers\STM32F4xx_HAL_Driver\Src\stm32f4xx_hal_tim_ex.o
 .debug_aranges
                0x000005b8      0x178 Middlewares\Third_Party\FreeRTOS\Source\CMSIS_RTOS\cmsis_os.o
 .debug_aranges
                0x00000730       0x40 Middlewares\Third_Party\FreeRTOS\Source\list.o
 .debug_aranges
                0x00000770       0x80 Middlewares\Third_Party\FreeRTOS\Source\portable\GCC\ARM_CM4F\port.o
 .debug_aranges
                0x000007f0       0x48 Middlewares\Third_Party\FreeRTOS\Source\portable\MemMang\heap_4.o
 .debug_aranges
                0x00000838       0xd0 Middlewares\Third_Party\FreeRTOS\Source\queue.o
 .debug_aranges
                0x00000908      0x190 Middlewares\Third_Party\FreeRTOS\Source\tasks.o
 .debug_aranges
                0x00000a98       0xd8 Src\HD44780.o
 .debug_aranges
                0x00000b70       0x80 Src\freertos.o
 .debug_aranges
                0x00000bf0       0x20 Src\gpio.o
 .debug_aranges
                0x00000c10       0x40 Src\main.o
 .debug_aranges
                0x00000c50       0x20 Src\stm32f4xx_hal_msp.o
 .debug_aranges
                0x00000c70       0x30 Src\stm32f4xx_hal_timebase_TIM.o
 .debug_aranges
                0x00000ca0       0x78 Src\stm32f4xx_it.o
 .debug_aranges
                0x00000d18       0x48 Src\tim.o

.debug_ranges   0x00000000     0x1028
 .debug_ranges  0x00000000       0x20 Drivers\CMSIS\Device\ST\STM32F4xx\Source\Templates\gcc\startup_stm32f401xe.o
 .debug_ranges  0x00000020       0x18 Drivers\CMSIS\Device\ST\STM32F4xx\Source\Templates\system_stm32f4xx.o
 .debug_ranges  0x00000038       0xa8 Drivers\STM32F4xx_HAL_Driver\Src\stm32f4xx_hal.o
 .debug_ranges  0x000000e0      0x148 Drivers\STM32F4xx_HAL_Driver\Src\stm32f4xx_hal_cortex.o
 .debug_ranges  0x00000228       0x70 Drivers\STM32F4xx_HAL_Driver\Src\stm32f4xx_hal_gpio.o
 .debug_ranges  0x00000298      0x150 Drivers\STM32F4xx_HAL_Driver\Src\stm32f4xx_hal_rcc.o
 .debug_ranges  0x000003e8      0x330 Drivers\STM32F4xx_HAL_Driver\Src\stm32f4xx_hal_tim.o
 .debug_ranges  0x00000718       0xe0 Drivers\STM32F4xx_HAL_Driver\Src\stm32f4xx_hal_tim_ex.o
 .debug_ranges  0x000007f8      0x168 Middlewares\Third_Party\FreeRTOS\Source\CMSIS_RTOS\cmsis_os.o
 .debug_ranges  0x00000960       0x30 Middlewares\Third_Party\FreeRTOS\Source\list.o
 .debug_ranges  0x00000990       0x70 Middlewares\Third_Party\FreeRTOS\Source\portable\GCC\ARM_CM4F\port.o
 .debug_ranges  0x00000a00       0x38 Middlewares\Third_Party\FreeRTOS\Source\portable\MemMang\heap_4.o
 .debug_ranges  0x00000a38       0xc0 Middlewares\Third_Party\FreeRTOS\Source\queue.o
 .debug_ranges  0x00000af8      0x200 Middlewares\Third_Party\FreeRTOS\Source\tasks.o
 .debug_ranges  0x00000cf8       0xe0 Src\HD44780.o
 .debug_ranges  0x00000dd8       0x70 Src\freertos.o
 .debug_ranges  0x00000e48       0x28 Src\gpio.o
 .debug_ranges  0x00000e70       0x68 Src\main.o
 .debug_ranges  0x00000ed8       0x10 Src\stm32f4xx_hal_msp.o
 .debug_ranges  0x00000ee8       0x40 Src\stm32f4xx_hal_timebase_TIM.o
 .debug_ranges  0x00000f28       0x68 Src\stm32f4xx_it.o
 .debug_ranges  0x00000f90       0x98 Src\tim.o

.debug_loc      0x00000000     0x953d
 .debug_loc     0x00000000       0xd7 Drivers\CMSIS\Device\ST\STM32F4xx\Source\Templates\system_stm32f4xx.o
 .debug_loc     0x000000d7       0x92 Drivers\STM32F4xx_HAL_Driver\Src\stm32f4xx_hal.o
 .debug_loc     0x00000169      0x4ab Drivers\STM32F4xx_HAL_Driver\Src\stm32f4xx_hal_cortex.o
 .debug_loc     0x00000614      0x370 Drivers\STM32F4xx_HAL_Driver\Src\stm32f4xx_hal_gpio.o
 .debug_loc     0x00000984      0x49b Drivers\STM32F4xx_HAL_Driver\Src\stm32f4xx_hal_rcc.o
 .debug_loc     0x00000e1f     0x30f6 Drivers\STM32F4xx_HAL_Driver\Src\stm32f4xx_hal_tim.o
 .debug_loc     0x00003f15      0x7b9 Drivers\STM32F4xx_HAL_Driver\Src\stm32f4xx_hal_tim_ex.o
 .debug_loc     0x000046ce      0xf7e Middlewares\Third_Party\FreeRTOS\Source\CMSIS_RTOS\cmsis_os.o
 .debug_loc     0x0000564c       0x94 Middlewares\Third_Party\FreeRTOS\Source\list.o
 .debug_loc     0x000056e0       0xae Middlewares\Third_Party\FreeRTOS\Source\portable\GCC\ARM_CM4F\port.o
 .debug_loc     0x0000578e      0x3a7 Middlewares\Third_Party\FreeRTOS\Source\portable\MemMang\heap_4.o
 .debug_loc     0x00005b35      0xa46 Middlewares\Third_Party\FreeRTOS\Source\queue.o
 .debug_loc     0x0000657b     0x17c5 Middlewares\Third_Party\FreeRTOS\Source\tasks.o
 .debug_loc     0x00007d40      0x6d2 Src\HD44780.o
 .debug_loc     0x00008412      0xf43 Src\freertos.o
 .debug_loc     0x00009355       0x71 Src\main.o
 .debug_loc     0x000093c6       0x94 Src\stm32f4xx_hal_timebase_TIM.o
 .debug_loc     0x0000945a       0xe3 Src\tim.o

.debug_str      0x00000000     0x4c69
 .debug_str     0x00000000      0x371 Drivers\CMSIS\Device\ST\STM32F4xx\Source\Templates\system_stm32f4xx.o
                                0x3d6 (size before relaxing)
 .debug_str     0x00000371      0x668 Drivers\STM32F4xx_HAL_Driver\Src\stm32f4xx_hal.o
                                0x956 (size before relaxing)
 .debug_str     0x000009d9      0x336 Drivers\STM32F4xx_HAL_Driver\Src\stm32f4xx_hal_cortex.o
                                0xaa4 (size before relaxing)
 .debug_str     0x00000d0f      0x1d8 Drivers\STM32F4xx_HAL_Driver\Src\stm32f4xx_hal_gpio.o
                                0x525 (size before relaxing)
 .debug_str     0x00000ee7      0x2b6 Drivers\STM32F4xx_HAL_Driver\Src\stm32f4xx_hal_rcc.o
                                0x6f1 (size before relaxing)
 .debug_str     0x0000119d      0xea7 Drivers\STM32F4xx_HAL_Driver\Src\stm32f4xx_hal_tim.o
                               0x113e (size before relaxing)
 .debug_str     0x00002044      0x432 Drivers\STM32F4xx_HAL_Driver\Src\stm32f4xx_hal_tim_ex.o
                                0xb8d (size before relaxing)
 .debug_str     0x00002476      0xa6c Middlewares\Third_Party\FreeRTOS\Source\CMSIS_RTOS\cmsis_os.o
                                0xccc (size before relaxing)
 .debug_str     0x00002ee2      0x14f Middlewares\Third_Party\FreeRTOS\Source\list.o
                                0x311 (size before relaxing)
 .debug_str     0x00003031      0x21e Middlewares\Third_Party\FreeRTOS\Source\portable\GCC\ARM_CM4F\port.o
                                0x49b (size before relaxing)
 .debug_str     0x0000324f      0x1e8 Middlewares\Third_Party\FreeRTOS\Source\portable\MemMang\heap_4.o
                                0x3fa (size before relaxing)
 .debug_str     0x00003437      0x493 Middlewares\Third_Party\FreeRTOS\Source\queue.o
                                0x8ec (size before relaxing)
 .debug_str     0x000038ca      0x866 Middlewares\Third_Party\FreeRTOS\Source\tasks.o
                                0xfae (size before relaxing)
 .debug_str     0x00004130      0x421 Src\HD44780.o
                                0x6e8 (size before relaxing)
 .debug_str     0x00004551      0x4ca Src\freertos.o
                                0xdaf (size before relaxing)
 .debug_str     0x00004a1b       0x1b Src\gpio.o
                                0x772 (size before relaxing)
 .debug_str     0x00004a36       0x78 Src\main.o
                                0xec4 (size before relaxing)
 .debug_str     0x00004aae       0x27 Src\stm32f4xx_hal_msp.o
                                0x5a4 (size before relaxing)
 .debug_str     0x00004ad5       0x61 Src\stm32f4xx_hal_timebase_TIM.o
                                0xc1b (size before relaxing)
 .debug_str     0x00004b36       0xeb Src\stm32f4xx_it.o
                                0x726 (size before relaxing)
 .debug_str     0x00004c21       0x48 Src\tim.o
                                0xc6c (size before relaxing)

.comment        0x00000000       0x7e
 .comment       0x00000000       0x7e Drivers\CMSIS\Device\ST\STM32F4xx\Source\Templates\system_stm32f4xx.o
                                 0x7f (size before relaxing)
 .comment       0x0000007e       0x7f Drivers\STM32F4xx_HAL_Driver\Src\stm32f4xx_hal.o
 .comment       0x0000007e       0x7f Drivers\STM32F4xx_HAL_Driver\Src\stm32f4xx_hal_cortex.o
 .comment       0x0000007e       0x7f Drivers\STM32F4xx_HAL_Driver\Src\stm32f4xx_hal_gpio.o
 .comment       0x0000007e       0x7f Drivers\STM32F4xx_HAL_Driver\Src\stm32f4xx_hal_rcc.o
 .comment       0x0000007e       0x7f Drivers\STM32F4xx_HAL_Driver\Src\stm32f4xx_hal_tim.o
 .comment       0x0000007e       0x7f Drivers\STM32F4xx_HAL_Driver\Src\stm32f4xx_hal_tim_ex.o
 .comment       0x0000007e       0x7f Middlewares\Third_Party\FreeRTOS\Source\CMSIS_RTOS\cmsis_os.o
 .comment       0x0000007e       0x7f Middlewares\Third_Party\FreeRTOS\Source\list.o
 .comment       0x0000007e       0x7f Middlewares\Third_Party\FreeRTOS\Source\portable\GCC\ARM_CM4F\port.o
 .comment       0x0000007e       0x7f Middlewares\Third_Party\FreeRTOS\Source\portable\MemMang\heap_4.o
 .comment       0x0000007e       0x7f Middlewares\Third_Party\FreeRTOS\Source\queue.o
 .comment       0x0000007e       0x7f Middlewares\Third_Party\FreeRTOS\Source\tasks.o
 .comment       0x0000007e       0x7f Src\HD44780.o
 .comment       0x0000007e       0x7f Src\freertos.o
 .comment       0x0000007e       0x7f Src\gpio.o
 .comment       0x0000007e       0x7f Src\main.o
 .comment       0x0000007e       0x7f Src\stm32f4xx_hal_msp.o
 .comment       0x0000007e       0x7f Src\stm32f4xx_hal_timebase_TIM.o
 .comment       0x0000007e       0x7f Src\stm32f4xx_it.o
 .comment       0x0000007e       0x7f Src\tim.o

.debug_frame    0x00000000     0x2610
 .debug_frame   0x00000000       0x30 Drivers\CMSIS\Device\ST\STM32F4xx\Source\Templates\system_stm32f4xx.o
 .debug_frame   0x00000030      0x184 Drivers\STM32F4xx_HAL_Driver\Src\stm32f4xx_hal.o
 .debug_frame   0x000001b4      0x130 Drivers\STM32F4xx_HAL_Driver\Src\stm32f4xx_hal_cortex.o
 .debug_frame   0x000002e4       0xd4 Drivers\STM32F4xx_HAL_Driver\Src\stm32f4xx_hal_gpio.o
 .debug_frame   0x000003b8      0x138 Drivers\STM32F4xx_HAL_Driver\Src\stm32f4xx_hal_rcc.o
 .debug_frame   0x000004f0      0x854 Drivers\STM32F4xx_HAL_Driver\Src\stm32f4xx_hal_tim.o
 .debug_frame   0x00000d44      0x334 Drivers\STM32F4xx_HAL_Driver\Src\stm32f4xx_hal_tim_ex.o
 .debug_frame   0x00001078      0x460 Middlewares\Third_Party\FreeRTOS\Source\CMSIS_RTOS\cmsis_os.o
 .debug_frame   0x000014d8       0x6c Middlewares\Third_Party\FreeRTOS\Source\list.o
 .debug_frame   0x00001544       0xf0 Middlewares\Third_Party\FreeRTOS\Source\portable\GCC\ARM_CM4F\port.o
 .debug_frame   0x00001634       0x98 Middlewares\Third_Party\FreeRTOS\Source\portable\MemMang\heap_4.o
 .debug_frame   0x000016cc      0x270 Middlewares\Third_Party\FreeRTOS\Source\queue.o
 .debug_frame   0x0000193c      0x558 Middlewares\Third_Party\FreeRTOS\Source\tasks.o
 .debug_frame   0x00001e94      0x2b4 Src\HD44780.o
 .debug_frame   0x00002148      0x190 Src\freertos.o
 .debug_frame   0x000022d8       0x3c Src\gpio.o
 .debug_frame   0x00002314       0x94 Src\main.o
 .debug_frame   0x000023a8       0x2c Src\stm32f4xx_hal_msp.o
 .debug_frame   0x000023d4       0x50 Src\stm32f4xx_hal_timebase_TIM.o
 .debug_frame   0x00002424       0xdc Src\stm32f4xx_it.o
 .debug_frame   0x00002500       0x9c Src\tim.o
 .debug_frame   0x0000259c       0x2c c:/program files (x86)/atollic/truestudio for arm 6.0.0/armtools/bin/../lib/gcc/arm-atollic-eabi/5.3.1/../../../../arm-atollic-eabi/lib/armv7e-m/fpu\libc.a(lib_a-init.o)
 .debug_frame   0x000025c8       0x28 c:/program files (x86)/atollic/truestudio for arm 6.0.0/armtools/bin/../lib/gcc/arm-atollic-eabi/5.3.1/../../../../arm-atollic-eabi/lib/armv7e-m/fpu\libc.a(lib_a-memcpy-stub.o)
 .debug_frame   0x000025f0       0x20 c:/program files (x86)/atollic/truestudio for arm 6.0.0/armtools/bin/../lib/gcc/arm-atollic-eabi/5.3.1/../../../../arm-atollic-eabi/lib/armv7e-m/fpu\libc.a(lib_a-memset.o)

Cross Reference Table

Symbol                                            File
ADC_IRQHandler                                    Drivers\CMSIS\Device\ST\STM32F4xx\Source\Templates\gcc\startup_stm32f401xe.o
AHBPrescTable                                     Drivers\CMSIS\Device\ST\STM32F4xx\Source\Templates\system_stm32f4xx.o
APBAHBPrescTable                                  Drivers\STM32F4xx_HAL_Driver\Src\stm32f4xx_hal_rcc.o
BottomOfQueue                                     Src\HD44780.o
BusFault_Handler                                  Drivers\CMSIS\Device\ST\STM32F4xx\Source\Templates\gcc\startup_stm32f401xe.o
DMA1_Stream0_IRQHandler                           Drivers\CMSIS\Device\ST\STM32F4xx\Source\Templates\gcc\startup_stm32f401xe.o
DMA1_Stream1_IRQHandler                           Drivers\CMSIS\Device\ST\STM32F4xx\Source\Templates\gcc\startup_stm32f401xe.o
DMA1_Stream2_IRQHandler                           Drivers\CMSIS\Device\ST\STM32F4xx\Source\Templates\gcc\startup_stm32f401xe.o
DMA1_Stream3_IRQHandler                           Drivers\CMSIS\Device\ST\STM32F4xx\Source\Templates\gcc\startup_stm32f401xe.o
DMA1_Stream4_IRQHandler                           Drivers\CMSIS\Device\ST\STM32F4xx\Source\Templates\gcc\startup_stm32f401xe.o
DMA1_Stream5_IRQHandler                           Drivers\CMSIS\Device\ST\STM32F4xx\Source\Templates\gcc\startup_stm32f401xe.o
DMA1_Stream6_IRQHandler                           Drivers\CMSIS\Device\ST\STM32F4xx\Source\Templates\gcc\startup_stm32f401xe.o
DMA1_Stream7_IRQHandler                           Drivers\CMSIS\Device\ST\STM32F4xx\Source\Templates\gcc\startup_stm32f401xe.o
DMA2_Stream0_IRQHandler                           Drivers\CMSIS\Device\ST\STM32F4xx\Source\Templates\gcc\startup_stm32f401xe.o
DMA2_Stream1_IRQHandler                           Drivers\CMSIS\Device\ST\STM32F4xx\Source\Templates\gcc\startup_stm32f401xe.o
DMA2_Stream2_IRQHandler                           Drivers\CMSIS\Device\ST\STM32F4xx\Source\Templates\gcc\startup_stm32f401xe.o
DMA2_Stream3_IRQHandler                           Drivers\CMSIS\Device\ST\STM32F4xx\Source\Templates\gcc\startup_stm32f401xe.o
DMA2_Stream4_IRQHandler                           Drivers\CMSIS\Device\ST\STM32F4xx\Source\Templates\gcc\startup_stm32f401xe.o
DMA2_Stream5_IRQHandler                           Drivers\CMSIS\Device\ST\STM32F4xx\Source\Templates\gcc\startup_stm32f401xe.o
DMA2_Stream6_IRQHandler                           Drivers\CMSIS\Device\ST\STM32F4xx\Source\Templates\gcc\startup_stm32f401xe.o
DMA2_Stream7_IRQHandler                           Drivers\CMSIS\Device\ST\STM32F4xx\Source\Templates\gcc\startup_stm32f401xe.o
DebugMon_Handler                                  Drivers\CMSIS\Device\ST\STM32F4xx\Source\Templates\gcc\startup_stm32f401xe.o
Default_Handler                                   Drivers\CMSIS\Device\ST\STM32F4xx\Source\Templates\gcc\startup_stm32f401xe.o
EXTI0_IRQHandler                                  Src\stm32f4xx_it.o
                                                  Drivers\CMSIS\Device\ST\STM32F4xx\Source\Templates\gcc\startup_stm32f401xe.o
EXTI15_10_IRQHandler                              Src\stm32f4xx_it.o
                                                  Drivers\CMSIS\Device\ST\STM32F4xx\Source\Templates\gcc\startup_stm32f401xe.o
EXTI1_IRQHandler                                  Src\stm32f4xx_it.o
                                                  Drivers\CMSIS\Device\ST\STM32F4xx\Source\Templates\gcc\startup_stm32f401xe.o
EXTI2_IRQHandler                                  Src\stm32f4xx_it.o
                                                  Drivers\CMSIS\Device\ST\STM32F4xx\Source\Templates\gcc\startup_stm32f401xe.o
EXTI3_IRQHandler                                  Drivers\CMSIS\Device\ST\STM32F4xx\Source\Templates\gcc\startup_stm32f401xe.o
EXTI4_IRQHandler                                  Src\stm32f4xx_it.o
                                                  Drivers\CMSIS\Device\ST\STM32F4xx\Source\Templates\gcc\startup_stm32f401xe.o
EXTI9_5_IRQHandler                                Src\stm32f4xx_it.o
                                                  Drivers\CMSIS\Device\ST\STM32F4xx\Source\Templates\gcc\startup_stm32f401xe.o
Error_Handler                                     Src\main.o
                                                  Src\tim.o
                                                  Src\freertos.o
FLASH_Erase_Sector                                Drivers\STM32F4xx_HAL_Driver\Src\stm32f4xx_hal_flash_ex.o
                                                  Drivers\STM32F4xx_HAL_Driver\Src\stm32f4xx_hal_flash.o
FLASH_FlushCaches                                 Drivers\STM32F4xx_HAL_Driver\Src\stm32f4xx_hal_flash_ex.o
                                                  Drivers\STM32F4xx_HAL_Driver\Src\stm32f4xx_hal_flash.o
FLASH_IRQHandler                                  Drivers\CMSIS\Device\ST\STM32F4xx\Source\Templates\gcc\startup_stm32f401xe.o
FLASH_WaitForLastOperation                        Drivers\STM32F4xx_HAL_Driver\Src\stm32f4xx_hal_flash.o
                                                  Drivers\STM32F4xx_HAL_Driver\Src\stm32f4xx_hal_flash_ex.o
FPU_IRQHandler                                    Drivers\CMSIS\Device\ST\STM32F4xx\Source\Templates\gcc\startup_stm32f401xe.o
GPIO_InitStruct                                   Src\HD44780.o
HAL_DBGMCU_DisableDBGSleepMode                    Drivers\STM32F4xx_HAL_Driver\Src\stm32f4xx_hal.o
HAL_DBGMCU_DisableDBGStandbyMode                  Drivers\STM32F4xx_HAL_Driver\Src\stm32f4xx_hal.o
HAL_DBGMCU_DisableDBGStopMode                     Drivers\STM32F4xx_HAL_Driver\Src\stm32f4xx_hal.o
HAL_DBGMCU_EnableDBGSleepMode                     Drivers\STM32F4xx_HAL_Driver\Src\stm32f4xx_hal.o
HAL_DBGMCU_EnableDBGStandbyMode                   Drivers\STM32F4xx_HAL_Driver\Src\stm32f4xx_hal.o
HAL_DBGMCU_EnableDBGStopMode                      Drivers\STM32F4xx_HAL_Driver\Src\stm32f4xx_hal.o
HAL_DMAEx_ChangeMemory                            Drivers\STM32F4xx_HAL_Driver\Src\stm32f4xx_hal_dma_ex.o
HAL_DMAEx_MultiBufferStart                        Drivers\STM32F4xx_HAL_Driver\Src\stm32f4xx_hal_dma_ex.o
HAL_DMAEx_MultiBufferStart_IT                     Drivers\STM32F4xx_HAL_Driver\Src\stm32f4xx_hal_dma_ex.o
HAL_DMA_Abort                                     Drivers\STM32F4xx_HAL_Driver\Src\stm32f4xx_hal_dma.o
                                                  Drivers\STM32F4xx_HAL_Driver\Src\stm32f4xx_hal_tim.o
HAL_DMA_Abort_IT                                  Drivers\STM32F4xx_HAL_Driver\Src\stm32f4xx_hal_dma.o
HAL_DMA_DeInit                                    Drivers\STM32F4xx_HAL_Driver\Src\stm32f4xx_hal_dma.o
HAL_DMA_GetError                                  Drivers\STM32F4xx_HAL_Driver\Src\stm32f4xx_hal_dma.o
HAL_DMA_GetState                                  Drivers\STM32F4xx_HAL_Driver\Src\stm32f4xx_hal_dma.o
HAL_DMA_IRQHandler                                Drivers\STM32F4xx_HAL_Driver\Src\stm32f4xx_hal_dma.o
HAL_DMA_Init                                      Drivers\STM32F4xx_HAL_Driver\Src\stm32f4xx_hal_dma.o
HAL_DMA_PollForTransfer                           Drivers\STM32F4xx_HAL_Driver\Src\stm32f4xx_hal_dma.o
HAL_DMA_RegisterCallback                          Drivers\STM32F4xx_HAL_Driver\Src\stm32f4xx_hal_dma.o
HAL_DMA_Start                                     Drivers\STM32F4xx_HAL_Driver\Src\stm32f4xx_hal_dma.o
HAL_DMA_Start_IT                                  Drivers\STM32F4xx_HAL_Driver\Src\stm32f4xx_hal_dma.o
                                                  Drivers\STM32F4xx_HAL_Driver\Src\stm32f4xx_hal_tim_ex.o
                                                  Drivers\STM32F4xx_HAL_Driver\Src\stm32f4xx_hal_tim.o
HAL_DMA_UnRegisterCallback                        Drivers\STM32F4xx_HAL_Driver\Src\stm32f4xx_hal_dma.o
HAL_DeInit                                        Drivers\STM32F4xx_HAL_Driver\Src\stm32f4xx_hal.o
HAL_Delay                                         Drivers\STM32F4xx_HAL_Driver\Src\stm32f4xx_hal.o
                                                  Src\main.o
HAL_DisableCompensationCell                       Drivers\STM32F4xx_HAL_Driver\Src\stm32f4xx_hal.o
HAL_EnableCompensationCell                        Drivers\STM32F4xx_HAL_Driver\Src\stm32f4xx_hal.o
HAL_FLASHEx_AdvOBGetConfig                        Drivers\STM32F4xx_HAL_Driver\Src\stm32f4xx_hal_flash_ex.o
HAL_FLASHEx_AdvOBProgram                          Drivers\STM32F4xx_HAL_Driver\Src\stm32f4xx_hal_flash_ex.o
HAL_FLASHEx_Erase                                 Drivers\STM32F4xx_HAL_Driver\Src\stm32f4xx_hal_flash_ex.o
HAL_FLASHEx_Erase_IT                              Drivers\STM32F4xx_HAL_Driver\Src\stm32f4xx_hal_flash_ex.o
HAL_FLASHEx_OBGetConfig                           Drivers\STM32F4xx_HAL_Driver\Src\stm32f4xx_hal_flash_ex.o
HAL_FLASHEx_OBProgram                             Drivers\STM32F4xx_HAL_Driver\Src\stm32f4xx_hal_flash_ex.o
HAL_FLASHEx_OB_DeSelectPCROP                      Drivers\STM32F4xx_HAL_Driver\Src\stm32f4xx_hal_flash_ex.o
HAL_FLASHEx_OB_SelectPCROP                        Drivers\STM32F4xx_HAL_Driver\Src\stm32f4xx_hal_flash_ex.o
HAL_FLASH_EndOfOperationCallback                  Drivers\STM32F4xx_HAL_Driver\Src\stm32f4xx_hal_flash.o
HAL_FLASH_GetError                                Drivers\STM32F4xx_HAL_Driver\Src\stm32f4xx_hal_flash.o
HAL_FLASH_IRQHandler                              Drivers\STM32F4xx_HAL_Driver\Src\stm32f4xx_hal_flash.o
HAL_FLASH_Lock                                    Drivers\STM32F4xx_HAL_Driver\Src\stm32f4xx_hal_flash.o
HAL_FLASH_OB_Launch                               Drivers\STM32F4xx_HAL_Driver\Src\stm32f4xx_hal_flash.o
HAL_FLASH_OB_Lock                                 Drivers\STM32F4xx_HAL_Driver\Src\stm32f4xx_hal_flash.o
HAL_FLASH_OB_Unlock                               Drivers\STM32F4xx_HAL_Driver\Src\stm32f4xx_hal_flash.o
HAL_FLASH_OperationErrorCallback                  Drivers\STM32F4xx_HAL_Driver\Src\stm32f4xx_hal_flash.o
HAL_FLASH_Program                                 Drivers\STM32F4xx_HAL_Driver\Src\stm32f4xx_hal_flash.o
HAL_FLASH_Program_IT                              Drivers\STM32F4xx_HAL_Driver\Src\stm32f4xx_hal_flash.o
HAL_FLASH_Unlock                                  Drivers\STM32F4xx_HAL_Driver\Src\stm32f4xx_hal_flash.o
HAL_GPIO_DeInit                                   Drivers\STM32F4xx_HAL_Driver\Src\stm32f4xx_hal_gpio.o
HAL_GPIO_EXTI_Callback                            Src\main.o
                                                  Drivers\STM32F4xx_HAL_Driver\Src\stm32f4xx_hal_gpio.o
HAL_GPIO_EXTI_IRQHandler                          Drivers\STM32F4xx_HAL_Driver\Src\stm32f4xx_hal_gpio.o
                                                  Src\stm32f4xx_it.o
HAL_GPIO_Init                                     Drivers\STM32F4xx_HAL_Driver\Src\stm32f4xx_hal_gpio.o
                                                  Src\gpio.o
                                                  Src\HD44780.o
                                                  Drivers\STM32F4xx_HAL_Driver\Src\stm32f4xx_hal_rcc.o
HAL_GPIO_LockPin                                  Drivers\STM32F4xx_HAL_Driver\Src\stm32f4xx_hal_gpio.o
HAL_GPIO_ReadPin                                  Drivers\STM32F4xx_HAL_Driver\Src\stm32f4xx_hal_gpio.o
                                                  Src\HD44780.o
HAL_GPIO_TogglePin                                Drivers\STM32F4xx_HAL_Driver\Src\stm32f4xx_hal_gpio.o
                                                  Src\main.o
HAL_GPIO_WritePin                                 Drivers\STM32F4xx_HAL_Driver\Src\stm32f4xx_hal_gpio.o
                                                  Src\gpio.o
                                                  Src\HD44780.o
HAL_GetDEVID                                      Drivers\STM32F4xx_HAL_Driver\Src\stm32f4xx_hal.o
HAL_GetHalVersion                                 Drivers\STM32F4xx_HAL_Driver\Src\stm32f4xx_hal.o
HAL_GetREVID                                      Drivers\STM32F4xx_HAL_Driver\Src\stm32f4xx_hal.o
HAL_GetTick                                       Drivers\STM32F4xx_HAL_Driver\Src\stm32f4xx_hal.o
                                                  Drivers\STM32F4xx_HAL_Driver\Src\stm32f4xx_hal_rcc_ex.o
                                                  Drivers\STM32F4xx_HAL_Driver\Src\stm32f4xx_hal_rcc.o
                                                  Drivers\STM32F4xx_HAL_Driver\Src\stm32f4xx_hal_pwr_ex.o
                                                  Drivers\STM32F4xx_HAL_Driver\Src\stm32f4xx_hal_flash.o
                                                  Drivers\STM32F4xx_HAL_Driver\Src\stm32f4xx_hal_dma.o
HAL_IncTick                                       Drivers\STM32F4xx_HAL_Driver\Src\stm32f4xx_hal.o
                                                  Src\main.o
HAL_Init                                          Drivers\STM32F4xx_HAL_Driver\Src\stm32f4xx_hal.o
                                                  Src\main.o
HAL_InitTick                                      Src\stm32f4xx_hal_timebase_TIM.o
                                                  Drivers\STM32F4xx_HAL_Driver\Src\stm32f4xx_hal.o
                                                  Drivers\STM32F4xx_HAL_Driver\Src\stm32f4xx_hal_rcc.o
HAL_MPU_ConfigRegion                              Drivers\STM32F4xx_HAL_Driver\Src\stm32f4xx_hal_cortex.o
HAL_MspDeInit                                     Drivers\STM32F4xx_HAL_Driver\Src\stm32f4xx_hal.o
HAL_MspInit                                       Src\stm32f4xx_hal_msp.o
                                                  Drivers\STM32F4xx_HAL_Driver\Src\stm32f4xx_hal.o
HAL_NVIC_ClearPendingIRQ                          Drivers\STM32F4xx_HAL_Driver\Src\stm32f4xx_hal_cortex.o
HAL_NVIC_DisableIRQ                               Drivers\STM32F4xx_HAL_Driver\Src\stm32f4xx_hal_cortex.o
                                                  Src\tim.o
HAL_NVIC_EnableIRQ                                Drivers\STM32F4xx_HAL_Driver\Src\stm32f4xx_hal_cortex.o
                                                  Src\tim.o
                                                  Src\stm32f4xx_hal_timebase_TIM.o
                                                  Src\gpio.o
HAL_NVIC_GetActive                                Drivers\STM32F4xx_HAL_Driver\Src\stm32f4xx_hal_cortex.o
HAL_NVIC_GetPendingIRQ                            Drivers\STM32F4xx_HAL_Driver\Src\stm32f4xx_hal_cortex.o
HAL_NVIC_GetPriority                              Drivers\STM32F4xx_HAL_Driver\Src\stm32f4xx_hal_cortex.o
HAL_NVIC_GetPriorityGrouping                      Drivers\STM32F4xx_HAL_Driver\Src\stm32f4xx_hal_cortex.o
HAL_NVIC_SetPendingIRQ                            Drivers\STM32F4xx_HAL_Driver\Src\stm32f4xx_hal_cortex.o
HAL_NVIC_SetPriority                              Drivers\STM32F4xx_HAL_Driver\Src\stm32f4xx_hal_cortex.o
                                                  Src\tim.o
                                                  Src\stm32f4xx_hal_timebase_TIM.o
                                                  Src\stm32f4xx_hal_msp.o
                                                  Src\main.o
                                                  Src\gpio.o
                                                  Drivers\STM32F4xx_HAL_Driver\Src\stm32f4xx_hal.o
HAL_NVIC_SetPriorityGrouping                      Drivers\STM32F4xx_HAL_Driver\Src\stm32f4xx_hal_cortex.o
                                                  Src\stm32f4xx_hal_msp.o
                                                  Drivers\STM32F4xx_HAL_Driver\Src\stm32f4xx_hal.o
HAL_NVIC_SystemReset                              Drivers\STM32F4xx_HAL_Driver\Src\stm32f4xx_hal_cortex.o
HAL_PWREx_ControlVoltageScaling                   Drivers\STM32F4xx_HAL_Driver\Src\stm32f4xx_hal_pwr_ex.o
HAL_PWREx_DisableBkUpReg                          Drivers\STM32F4xx_HAL_Driver\Src\stm32f4xx_hal_pwr_ex.o
HAL_PWREx_DisableFlashPowerDown                   Drivers\STM32F4xx_HAL_Driver\Src\stm32f4xx_hal_pwr_ex.o
HAL_PWREx_DisableLowRegulatorLowVoltage           Drivers\STM32F4xx_HAL_Driver\Src\stm32f4xx_hal_pwr_ex.o
HAL_PWREx_DisableMainRegulatorLowVoltage          Drivers\STM32F4xx_HAL_Driver\Src\stm32f4xx_hal_pwr_ex.o
HAL_PWREx_EnableBkUpReg                           Drivers\STM32F4xx_HAL_Driver\Src\stm32f4xx_hal_pwr_ex.o
HAL_PWREx_EnableFlashPowerDown                    Drivers\STM32F4xx_HAL_Driver\Src\stm32f4xx_hal_pwr_ex.o
HAL_PWREx_EnableLowRegulatorLowVoltage            Drivers\STM32F4xx_HAL_Driver\Src\stm32f4xx_hal_pwr_ex.o
HAL_PWREx_EnableMainRegulatorLowVoltage           Drivers\STM32F4xx_HAL_Driver\Src\stm32f4xx_hal_pwr_ex.o
HAL_PWREx_GetVoltageRange                         Drivers\STM32F4xx_HAL_Driver\Src\stm32f4xx_hal_pwr_ex.o
HAL_PWR_ConfigPVD                                 Drivers\STM32F4xx_HAL_Driver\Src\stm32f4xx_hal_pwr.o
HAL_PWR_DeInit                                    Drivers\STM32F4xx_HAL_Driver\Src\stm32f4xx_hal_pwr.o
HAL_PWR_DisableBkUpAccess                         Drivers\STM32F4xx_HAL_Driver\Src\stm32f4xx_hal_pwr.o
HAL_PWR_DisablePVD                                Drivers\STM32F4xx_HAL_Driver\Src\stm32f4xx_hal_pwr.o
HAL_PWR_DisableSEVOnPend                          Drivers\STM32F4xx_HAL_Driver\Src\stm32f4xx_hal_pwr.o
HAL_PWR_DisableSleepOnExit                        Drivers\STM32F4xx_HAL_Driver\Src\stm32f4xx_hal_pwr.o
HAL_PWR_DisableWakeUpPin                          Drivers\STM32F4xx_HAL_Driver\Src\stm32f4xx_hal_pwr.o
HAL_PWR_EnableBkUpAccess                          Drivers\STM32F4xx_HAL_Driver\Src\stm32f4xx_hal_pwr.o
HAL_PWR_EnablePVD                                 Drivers\STM32F4xx_HAL_Driver\Src\stm32f4xx_hal_pwr.o
HAL_PWR_EnableSEVOnPend                           Drivers\STM32F4xx_HAL_Driver\Src\stm32f4xx_hal_pwr.o
HAL_PWR_EnableSleepOnExit                         Drivers\STM32F4xx_HAL_Driver\Src\stm32f4xx_hal_pwr.o
HAL_PWR_EnableWakeUpPin                           Drivers\STM32F4xx_HAL_Driver\Src\stm32f4xx_hal_pwr.o
HAL_PWR_EnterSLEEPMode                            Drivers\STM32F4xx_HAL_Driver\Src\stm32f4xx_hal_pwr.o
HAL_PWR_EnterSTANDBYMode                          Drivers\STM32F4xx_HAL_Driver\Src\stm32f4xx_hal_pwr.o
HAL_PWR_EnterSTOPMode                             Drivers\STM32F4xx_HAL_Driver\Src\stm32f4xx_hal_pwr.o
HAL_PWR_PVDCallback                               Drivers\STM32F4xx_HAL_Driver\Src\stm32f4xx_hal_pwr.o
HAL_PWR_PVD_IRQHandler                            Drivers\STM32F4xx_HAL_Driver\Src\stm32f4xx_hal_pwr.o
HAL_RCCEx_GetPeriphCLKConfig                      Drivers\STM32F4xx_HAL_Driver\Src\stm32f4xx_hal_rcc_ex.o
HAL_RCCEx_PeriphCLKConfig                         Drivers\STM32F4xx_HAL_Driver\Src\stm32f4xx_hal_rcc_ex.o
HAL_RCC_CSSCallback                               Drivers\STM32F4xx_HAL_Driver\Src\stm32f4xx_hal_rcc.o
HAL_RCC_ClockConfig                               Drivers\STM32F4xx_HAL_Driver\Src\stm32f4xx_hal_rcc.o
                                                  Src\main.o
HAL_RCC_DeInit                                    Drivers\STM32F4xx_HAL_Driver\Src\stm32f4xx_hal_rcc_ex.o
                                                  Drivers\STM32F4xx_HAL_Driver\Src\stm32f4xx_hal_rcc.o
HAL_RCC_DisableCSS                                Drivers\STM32F4xx_HAL_Driver\Src\stm32f4xx_hal_rcc.o
HAL_RCC_EnableCSS                                 Drivers\STM32F4xx_HAL_Driver\Src\stm32f4xx_hal_rcc.o
HAL_RCC_GetClockConfig                            Drivers\STM32F4xx_HAL_Driver\Src\stm32f4xx_hal_rcc.o
                                                  Src\stm32f4xx_hal_timebase_TIM.o
HAL_RCC_GetHCLKFreq                               Drivers\STM32F4xx_HAL_Driver\Src\stm32f4xx_hal_rcc.o
                                                  Src\main.o
HAL_RCC_GetOscConfig                              Drivers\STM32F4xx_HAL_Driver\Src\stm32f4xx_hal_rcc.o
HAL_RCC_GetPCLK1Freq                              Drivers\STM32F4xx_HAL_Driver\Src\stm32f4xx_hal_rcc.o
HAL_RCC_GetPCLK2Freq                              Drivers\STM32F4xx_HAL_Driver\Src\stm32f4xx_hal_rcc.o
                                                  Src\stm32f4xx_hal_timebase_TIM.o
HAL_RCC_GetSysClockFreq                           Drivers\STM32F4xx_HAL_Driver\Src\stm32f4xx_hal_rcc.o
HAL_RCC_MCOConfig                                 Drivers\STM32F4xx_HAL_Driver\Src\stm32f4xx_hal_rcc.o
HAL_RCC_NMI_IRQHandler                            Drivers\STM32F4xx_HAL_Driver\Src\stm32f4xx_hal_rcc.o
HAL_RCC_OscConfig                                 Drivers\STM32F4xx_HAL_Driver\Src\stm32f4xx_hal_rcc.o
                                                  Src\main.o
HAL_ResumeTick                                    Src\stm32f4xx_hal_timebase_TIM.o
                                                  Drivers\STM32F4xx_HAL_Driver\Src\stm32f4xx_hal.o
HAL_SYSTICK_CLKSourceConfig                       Drivers\STM32F4xx_HAL_Driver\Src\stm32f4xx_hal_cortex.o
                                                  Src\main.o
HAL_SYSTICK_Callback                              Drivers\STM32F4xx_HAL_Driver\Src\stm32f4xx_hal_cortex.o
HAL_SYSTICK_Config                                Drivers\STM32F4xx_HAL_Driver\Src\stm32f4xx_hal_cortex.o
                                                  Src\main.o
                                                  Drivers\STM32F4xx_HAL_Driver\Src\stm32f4xx_hal.o
HAL_SYSTICK_IRQHandler                            Drivers\STM32F4xx_HAL_Driver\Src\stm32f4xx_hal_cortex.o
HAL_SuspendTick                                   Src\stm32f4xx_hal_timebase_TIM.o
                                                  Drivers\STM32F4xx_HAL_Driver\Src\stm32f4xx_hal.o
HAL_TIMEx_BreakCallback                           Drivers\STM32F4xx_HAL_Driver\Src\stm32f4xx_hal_tim_ex.o
                                                  Drivers\STM32F4xx_HAL_Driver\Src\stm32f4xx_hal_tim.o
HAL_TIMEx_CommutationCallback                     Drivers\STM32F4xx_HAL_Driver\Src\stm32f4xx_hal_tim_ex.o
                                                  Drivers\STM32F4xx_HAL_Driver\Src\stm32f4xx_hal_tim.o
HAL_TIMEx_ConfigBreakDeadTime                     Drivers\STM32F4xx_HAL_Driver\Src\stm32f4xx_hal_tim_ex.o
HAL_TIMEx_ConfigCommutationEvent                  Drivers\STM32F4xx_HAL_Driver\Src\stm32f4xx_hal_tim_ex.o
HAL_TIMEx_ConfigCommutationEvent_DMA              Drivers\STM32F4xx_HAL_Driver\Src\stm32f4xx_hal_tim_ex.o
HAL_TIMEx_ConfigCommutationEvent_IT               Drivers\STM32F4xx_HAL_Driver\Src\stm32f4xx_hal_tim_ex.o
HAL_TIMEx_HallSensor_DeInit                       Drivers\STM32F4xx_HAL_Driver\Src\stm32f4xx_hal_tim_ex.o
HAL_TIMEx_HallSensor_GetState                     Drivers\STM32F4xx_HAL_Driver\Src\stm32f4xx_hal_tim_ex.o
HAL_TIMEx_HallSensor_Init                         Drivers\STM32F4xx_HAL_Driver\Src\stm32f4xx_hal_tim_ex.o
HAL_TIMEx_HallSensor_MspDeInit                    Drivers\STM32F4xx_HAL_Driver\Src\stm32f4xx_hal_tim_ex.o
HAL_TIMEx_HallSensor_MspInit                      Drivers\STM32F4xx_HAL_Driver\Src\stm32f4xx_hal_tim_ex.o
HAL_TIMEx_HallSensor_Start                        Drivers\STM32F4xx_HAL_Driver\Src\stm32f4xx_hal_tim_ex.o
HAL_TIMEx_HallSensor_Start_DMA                    Drivers\STM32F4xx_HAL_Driver\Src\stm32f4xx_hal_tim_ex.o
HAL_TIMEx_HallSensor_Start_IT                     Drivers\STM32F4xx_HAL_Driver\Src\stm32f4xx_hal_tim_ex.o
HAL_TIMEx_HallSensor_Stop                         Drivers\STM32F4xx_HAL_Driver\Src\stm32f4xx_hal_tim_ex.o
HAL_TIMEx_HallSensor_Stop_DMA                     Drivers\STM32F4xx_HAL_Driver\Src\stm32f4xx_hal_tim_ex.o
HAL_TIMEx_HallSensor_Stop_IT                      Drivers\STM32F4xx_HAL_Driver\Src\stm32f4xx_hal_tim_ex.o
HAL_TIMEx_MasterConfigSynchronization             Drivers\STM32F4xx_HAL_Driver\Src\stm32f4xx_hal_tim_ex.o
                                                  Src\tim.o
HAL_TIMEx_OCN_Start                               Drivers\STM32F4xx_HAL_Driver\Src\stm32f4xx_hal_tim_ex.o
HAL_TIMEx_OCN_Start_DMA                           Drivers\STM32F4xx_HAL_Driver\Src\stm32f4xx_hal_tim_ex.o
HAL_TIMEx_OCN_Start_IT                            Drivers\STM32F4xx_HAL_Driver\Src\stm32f4xx_hal_tim_ex.o
HAL_TIMEx_OCN_Stop                                Drivers\STM32F4xx_HAL_Driver\Src\stm32f4xx_hal_tim_ex.o
HAL_TIMEx_OCN_Stop_DMA                            Drivers\STM32F4xx_HAL_Driver\Src\stm32f4xx_hal_tim_ex.o
HAL_TIMEx_OCN_Stop_IT                             Drivers\STM32F4xx_HAL_Driver\Src\stm32f4xx_hal_tim_ex.o
HAL_TIMEx_OnePulseN_Start                         Drivers\STM32F4xx_HAL_Driver\Src\stm32f4xx_hal_tim_ex.o
HAL_TIMEx_OnePulseN_Start_IT                      Drivers\STM32F4xx_HAL_Driver\Src\stm32f4xx_hal_tim_ex.o
HAL_TIMEx_OnePulseN_Stop                          Drivers\STM32F4xx_HAL_Driver\Src\stm32f4xx_hal_tim_ex.o
HAL_TIMEx_OnePulseN_Stop_IT                       Drivers\STM32F4xx_HAL_Driver\Src\stm32f4xx_hal_tim_ex.o
HAL_TIMEx_PWMN_Start                              Drivers\STM32F4xx_HAL_Driver\Src\stm32f4xx_hal_tim_ex.o
HAL_TIMEx_PWMN_Start_DMA                          Drivers\STM32F4xx_HAL_Driver\Src\stm32f4xx_hal_tim_ex.o
HAL_TIMEx_PWMN_Start_IT                           Drivers\STM32F4xx_HAL_Driver\Src\stm32f4xx_hal_tim_ex.o
HAL_TIMEx_PWMN_Stop                               Drivers\STM32F4xx_HAL_Driver\Src\stm32f4xx_hal_tim_ex.o
HAL_TIMEx_PWMN_Stop_DMA                           Drivers\STM32F4xx_HAL_Driver\Src\stm32f4xx_hal_tim_ex.o
HAL_TIMEx_PWMN_Stop_IT                            Drivers\STM32F4xx_HAL_Driver\Src\stm32f4xx_hal_tim_ex.o
HAL_TIMEx_RemapConfig                             Drivers\STM32F4xx_HAL_Driver\Src\stm32f4xx_hal_tim_ex.o
HAL_TIM_Base_DeInit                               Drivers\STM32F4xx_HAL_Driver\Src\stm32f4xx_hal_tim.o
HAL_TIM_Base_GetState                             Drivers\STM32F4xx_HAL_Driver\Src\stm32f4xx_hal_tim.o
HAL_TIM_Base_Init                                 Drivers\STM32F4xx_HAL_Driver\Src\stm32f4xx_hal_tim.o
                                                  Src\tim.o
                                                  Src\stm32f4xx_hal_timebase_TIM.o
HAL_TIM_Base_MspDeInit                            Src\tim.o
                                                  Drivers\STM32F4xx_HAL_Driver\Src\stm32f4xx_hal_tim.o
HAL_TIM_Base_MspInit                              Src\tim.o